2025-07-21T10:36:24.798244+05:30 Ashutosh kernel: mini_init (201): drop_caches: 1
2025-07-21T14:00:00.816640+05:30 Ashutosh kernel: udevadm: systemd-udevd: potentially unexpected fatal signal 6.
2025-07-21T14:00:00.869943+05:30 Ashutosh kernel: CPU: 7 PID: 3356 Comm: systemd-udevd Not tainted 6.6.87.2-microsoft-standard-WSL2 #1
2025-07-21T14:00:01.003560+05:30 Ashutosh kernel: RIP: 0033:0x79480052a007
2025-07-21T14:00:01.003589+05:30 Ashutosh kernel: Code: 0d 00 f7 d8 64 89 02 b8 ff ff ff ff eb be 0f 1f 44 00 00 f3 0f 1e fa 80 3d 45 10 0e 00 00 41 89 ca 74 10 b8 e8 00 00 00 0f 05 <48> 3d 00 f0 ff ff 77 51 c3 55 48 89 e5 48 83 ec 20 89 55 f8 48 89
2025-07-21T14:00:01.063427+05:30 Ashutosh kernel: RSP: 002b:00007ffee343dc48 EFLAGS: 00000202 ORIG_RAX: 00000000000000e8
2025-07-21T14:00:01.063457+05:30 Ashutosh kernel: RAX: fffffffffffffffc RBX: 000000000000000b RCX: 000079480052a007
2025-07-21T14:00:01.063486+05:30 Ashutosh kernel: RDX: 000000000000002c RSI: 00005a38be8a7630 RDI: 0000000000000009
2025-07-21T14:00:01.063488+05:30 Ashutosh kernel: RBP: 00007ffee343dd60 R08: 00007ffee343dab0 R09: 0000000000000001
2025-07-21T14:00:01.063489+05:30 Ashutosh kernel: R10: 00000000ffffffff R11: 0000000000000202 R12: 000000000000006e
2025-07-21T14:00:01.063491+05:30 Ashutosh kernel: R13: 00005a38be833108 R14: 000000000000002c R15: 00005a38be832f70
2025-07-21T14:00:01.063511+05:30 Ashutosh kernel: FS:  00007948006998c0 GS:  0000000000000000
2025-07-21T14:01:03.823163+05:30 Ashutosh kernel: mini_init (201): drop_caches: 1
2025-07-21T17:26:24.084290+05:30 Ashutosh kernel: mini_init (201): drop_caches: 1
2025-07-21T19:48:35.410331+05:30 Ashutosh kernel: systemd-timesyncd: systemd-timesyn: potentially unexpected fatal signal 6.
2025-07-21T19:48:35.410349+05:30 Ashutosh kernel: CPU: 1 PID: 497 Comm: systemd-timesyn Not tainted 6.6.87.2-microsoft-standard-WSL2 #1
2025-07-21T19:48:35.410351+05:30 Ashutosh kernel: RIP: 0033:0x761fbd52c15e
2025-07-21T19:48:35.410682+05:30 Ashutosh kernel: Code: 6c 0d 00 f7 d8 64 89 02 48 c7 c0 ff ff ff ff eb b7 66 2e 0f 1f 84 00 00 00 00 00 90 f3 0f 1e fa 49 89 ca b8 36 00 00 00 0f 05 <48> 3d 00 f0 ff ff 77 0a c3 66 0f 1f 84 00 00 00 00 00 48 8b 15 81
2025-07-21T19:48:35.410693+05:30 Ashutosh kernel: RSP: 002b:00007ffffc0dcd08 EFLAGS: 00000246 ORIG_RAX: 0000000000000036
2025-07-21T19:48:35.410694+05:30 Ashutosh kernel: RAX: 0000000000000000 RBX: 00005ac0e2253a90 RCX: 0000761fbd52c15e
2025-07-21T19:48:35.410695+05:30 Ashutosh kernel: RDX: 0000000000000023 RSI: 0000000000000001 RDI: 000000000000000d
2025-07-21T19:48:35.410696+05:30 Ashutosh kernel: RBP: 00007ffffc0dce00 R08: 0000000000000004 R09: 00000000fffffff7
2025-07-21T19:48:35.410697+05:30 Ashutosh kernel: R10: 00007ffffc0dcd14 R11: 0000000000000246 R12: 00007ffffc0dcd50
2025-07-21T19:48:35.410996+05:30 Ashutosh kernel: R13: 00007ffffc0dce28 R14: 00005ac0e2253d00 R15: 00005ac0e225f5c0
2025-07-21T19:48:35.411005+05:30 Ashutosh kernel: FS:  0000761fbd6282c0 GS:  0000000000000000
2025-07-21T19:48:49.172539+05:30 Ashutosh kernel: hv_utils: TimeSync IC version 4.0
2025-07-22T09:51:51.061870+05:30 Ashutosh kernel: mini_init (201): drop_caches: 1
2025-07-22T12:38:00.640444+05:30 Ashutosh kernel: mini_init (201): drop_caches: 1
2025-07-22T12:44:17.136271+05:30 Ashutosh kernel: mini_init (201): drop_caches: 1
2025-07-22T12:59:28.269645+05:30 Ashutosh kernel: mini_init (201): drop_caches: 1
2025-07-22T13:20:56.025063+05:30 Ashutosh kernel: message repeated 2 times: [ mini_init (201): drop_caches: 1]
2025-07-22T14:27:28.876347+05:30 Ashutosh kernel: watchdog: BUG: soft lockup - CPU#6 stuck for 1739s! [snapd:7058]
2025-07-22T14:27:28.988112+05:30 Ashutosh kernel: watchdog: BUG: soft lockup - CPU#5 stuck for 1739s! [snapd:7056]
2025-07-22T14:27:28.988149+05:30 Ashutosh kernel: watchdog: BUG: soft lockup - CPU#4 stuck for 1739s! [systemd-journal:3600]
2025-07-22T14:27:28.988151+05:30 Ashutosh kernel: Modules linked in:
2025-07-22T14:27:28.988424+05:30 Ashutosh kernel: rcu: INFO: rcu_preempt detected stalls on CPUs/tasks:
2025-07-22T14:27:28.988436+05:30 Ashutosh kernel: rcu: 	6-...!: (1 GPs behind) idle=f7e4/1/0x4000000000000000 softirq=185482/185483 fqs=1
2025-07-22T14:27:28.988437+05:30 Ashutosh kernel: rcu: 	(detected by 2, t=206252 jiffies, g=680609, q=105 ncpus=8)
2025-07-22T14:27:28.988438+05:30 Ashutosh kernel: watchdog: BUG: soft lockup - CPU#0 stuck for 1739s! [kworker/0:2:7688]
2025-07-22T14:27:28.988438+05:30 Ashutosh kernel: Modules linked in:
2025-07-22T14:27:28.988439+05:30 Ashutosh kernel: watchdog: BUG: soft lockup - CPU#3 stuck for 1739s! [weston:239]
2025-07-22T14:27:28.988462+05:30 Ashutosh kernel: Modules linked in:
2025-07-22T14:27:28.988467+05:30 Ashutosh kernel:  tls
2025-07-22T14:27:28.988468+05:30 Ashutosh kernel:  tls
2025-07-22T14:27:28.988596+05:30 Ashutosh kernel: Sending NMI from CPU 2 to CPUs 6:
2025-07-22T14:27:28.988834+05:30 Ashutosh kernel:  intel_rapl_msr intel_rapl_common crc32c_intel battery ac sch_fq_codel configfs autofs4 br_netfilter bridge stp
2025-07-22T14:27:28.988844+05:30 Ashutosh kernel:  tls intel_rapl_msr intel_rapl_common crc32c_intel battery ac sch_fq_codel configfs autofs4 br_netfilter bridge stp llc ip_tables
2025-07-22T14:27:28.988845+05:30 Ashutosh kernel:  intel_rapl_msr intel_rapl_common crc32c_intel battery ac sch_fq_codel configfs autofs4 br_netfilter bridge stp llc ip_tables
2025-07-22T14:27:28.988846+05:30 Ashutosh kernel:  tun
2025-07-22T14:27:28.988847+05:30 Ashutosh kernel:  tun
2025-07-22T14:27:28.988849+05:30 Ashutosh kernel: CPU: 3 PID: 239 Comm: weston Not tainted 6.6.87.2-microsoft-standard-WSL2 #1
2025-07-22T14:27:28.988849+05:30 Ashutosh kernel:  llc ip_tables tun
2025-07-22T14:27:28.988850+05:30 Ashutosh kernel: CPU: 0 PID: 7688 Comm: kworker/0:2 Not tainted 6.6.87.2-microsoft-standard-WSL2 #1
2025-07-22T14:27:28.988851+05:30 Ashutosh kernel: RIP: 0033:0x7459f3899250
2025-07-22T14:27:28.988851+05:30 Ashutosh kernel: Code: 89 87 94 00 00 00 85 c0 7f 05 e8 2b fe ff ff 48 89 ef e8 93 ce ff ff 5b b8 01 00 00 00 5d 41 5c c3 66 0f 1f 84 00 00 00 00 00 <41> 57 41 56 41 55 41 54 49 89 f4 55 53 48 89 fb 48 83 ec 28 4c 8b
2025-07-22T14:27:28.988852+05:30 Ashutosh kernel: RSP: 002b:00007ffc1c9a3048 EFLAGS: 00010216
2025-07-22T14:27:28.988853+05:30 Ashutosh kernel: RAX: 000063fd34dad918 RBX: 000063fd34dbde50 RCX: 00007459efe61cf0
2025-07-22T14:27:28.989145+05:30 Ashutosh kernel: RDX: 0000000000000001 RSI: 000063fd34dc1810 RDI: 000063fd34dad918
2025-07-22T14:27:28.989155+05:30 Ashutosh kernel: RBP: 000063fd34dc18f0 R08: 00007459c8000ac0 R09: 00007459efe606e1
2025-07-22T14:27:28.989156+05:30 Ashutosh kernel: R10: 010690674b9578cd R11: 0000000000000246 R12: 000063fd34dc1810
2025-07-22T14:27:28.989157+05:30 Ashutosh kernel: R13: 000063fd34d9c6d0 R14: 000063fd34a664f0 R15: 00007ffc1c9a3170
2025-07-22T14:27:28.989158+05:30 Ashutosh kernel: FS:  00007459f0370ec0 GS:  0000000000000000
2025-07-22T14:27:28.989158+05:30 Ashutosh kernel: Workqueue: hv_pri_chan vmbus_add_channel_work
2025-07-22T14:27:28.989185+05:30 Ashutosh kernel: RIP: 0010:handle_softirqs+0x89/0x2e0
2025-07-22T14:27:28.989190+05:30 Ashutosh kernel: Code: ed 03 00 45 0f b7 ed c7 45 bc 0a 00 00 00 48 c7 c7 40 b5 9a 9e e8 d7 33 f6 00 65 66 c7 05 35 6e f1 62 00 00 fb 0f 1f 44 00 00 <bb> ff ff ff ff 49 c7 c2 c0 60 20 9f 41 0f bc dd 83 c3 01 0f 84 8c
2025-07-22T14:27:28.989191+05:30 Ashutosh kernel: RSP: 0000:ffffa5ed00003f80 EFLAGS: 00000286
2025-07-22T14:27:28.989192+05:30 Ashutosh kernel: RAX: 0000000000000000 RBX: 0000000000000000 RCX: 0000000000000000
2025-07-22T14:27:28.989193+05:30 Ashutosh kernel: RDX: 0000000000000000 RSI: ffffffff9e9ab540 RDI: ffffffff9e981697
2025-07-22T14:27:28.989193+05:30 Ashutosh kernel: RBP: ffffa5ed00003fc8 R08: 00026def41931bc7 R09: a4a01e39194702a7
2025-07-22T14:27:28.989215+05:30 Ashutosh kernel: R10: 0000000000000000 R11: ffffa5ed00003ff8 R12: ffffa5ed0a0538b8
2025-07-22T14:27:28.989219+05:30 Ashutosh kernel: R13: 0000000000000040 R14: 0000000000000000 R15: 0000000000000000
2025-07-22T14:27:28.989221+05:30 Ashutosh kernel: FS:  0000000000000000(0000) GS:ffff91d631e00000(0000) knlGS:0000000000000000
2025-07-22T14:27:28.989221+05:30 Ashutosh kernel: CS:  0010 DS: 0000 ES: 0000 CR0: 0000000080050033
2025-07-22T14:27:28.989222+05:30 Ashutosh kernel: CR2: 00007eafb4610030 CR3: 0000000001740002 CR4: 0000000000370ef0
2025-07-22T14:27:28.989223+05:30 Ashutosh kernel: Call Trace:
2025-07-22T14:27:28.989223+05:30 Ashutosh kernel:  <IRQ>
2025-07-22T14:27:28.998526+05:30 Ashutosh kernel:  __irq_exit_rcu+0x78/0xd0
2025-07-22T14:27:28.998589+05:30 Ashutosh kernel:  irq_exit_rcu+0x12/0x20
2025-07-22T14:27:28.998597+05:30 Ashutosh kernel: CPU: 4 PID: 3600 Comm: systemd-journal Not tainted 6.6.87.2-microsoft-standard-WSL2 #1
2025-07-22T14:27:28.998598+05:30 Ashutosh kernel: RIP: 0010:preempt_count_sub+0x3c/0xb0
2025-07-22T14:27:28.998599+05:30 Ashutosh kernel: Code: e5 85 c9 75 1b 65 8b 05 8a 9d ed 62 89 c2 81 e2 ff ff ff 7f 39 fa 7c 17 81 ff fe 00 00 00 76 3d f7 df 65 01 3d 6d 9d ed 62 5d <c3> cc cc cc cc e8 0a a1 6d 00 85 c0 74 f1 8b 15 04 04 40 02 85 d2
2025-07-22T14:27:28.998600+05:30 Ashutosh kernel: RSP: 0000:ffffa5ed0bb2b910 EFLAGS: 00000293
2025-07-22T14:27:29.021476+05:30 Ashutosh kernel: RAX: 0000000080000002 RBX: 0000000000000000 RCX: 0000000000000000
2025-07-22T14:27:29.021540+05:30 Ashutosh kernel: RDX: 0000000000000002 RSI: 0000000000000000 RDI: 00000000ffffffff
2025-07-22T14:27:29.021542+05:30 Ashutosh kernel: RBP: ffffa5ed0bb2b918 R08: ffffee3d023ecc48 R09: ffffee3d023ecc48
2025-07-22T14:27:29.021542+05:30 Ashutosh kernel: R10: 0000000000000001 R11: ffff91d55de5f70c R12: ffff91d631f39000
2025-07-22T14:27:29.021543+05:30 Ashutosh kernel: R13: 0000000000000000 R14: ffff91d635fde000 R15: ffff91d635fde000
2025-07-22T14:27:29.021544+05:30 Ashutosh kernel: FS:  00007c1fd43b3440(0000) GS:ffff91d631f00000(0000) knlGS:0000000000000000
2025-07-22T14:27:29.113938+05:30 Ashutosh kernel: CS:  0010 DS: 0000 ES: 0000 CR0: 0000000080050033
2025-07-22T14:27:29.113972+05:30 Ashutosh kernel: CR2: 00007c1fd27ee000 CR3: 000000005a668005 CR4: 0000000000370ee0
2025-07-22T14:27:29.113973+05:30 Ashutosh kernel: Call Trace:
2025-07-22T14:27:29.113974+05:30 Ashutosh kernel:  <TASK>
2025-07-22T14:27:29.113975+05:30 Ashutosh kernel: NMI backtrace for cpu 6
2025-07-22T14:27:29.113976+05:30 Ashutosh kernel: CPU: 6 PID: 7058 Comm: snapd Tainted: G             L     6.6.87.2-microsoft-standard-WSL2 #1
2025-07-22T14:27:29.114005+05:30 Ashutosh kernel:  sysvec_hyperv_callback+0xb4/0xd0
2025-07-22T14:27:29.114006+05:30 Ashutosh kernel:  </IRQ>
2025-07-22T14:27:29.114007+05:30 Ashutosh kernel:  <TASK>
2025-07-22T14:27:29.114008+05:30 Ashutosh kernel:  asm_sysvec_hyperv_callback+0x1f/0x30
2025-07-22T14:27:29.114009+05:30 Ashutosh kernel: RIP: 0010:clear_page_erms+0xb/0x20
2025-07-22T14:27:29.114010+05:30 Ashutosh kernel: Code: 48 8d 7f 40 75 d9 90 c3 cc cc cc cc 0f 1f 00 90 90 90 90 90 90 90 90 90 90 90 90 90 90 90 90 f3 0f 1e fa b9 00 10 00 00 31 c0 <f3> aa c3 cc cc cc cc 66 66 2e 0f 1f 84 00 00 00 00 00 0f 1f 00 90
2025-07-22T14:27:29.114624+05:30 Ashutosh kernel: RSP: 0000:ffffa5ed0a053960 EFLAGS: 00010246
2025-07-22T14:27:29.114639+05:30 Ashutosh kernel: RAX: 0000000000000000 RBX: 0000000000000001 RCX: 0000000000001000
2025-07-22T14:27:29.114640+05:30 Ashutosh kernel: RDX: ffffee3d00461400 RSI: ffffee3d00462000 RDI: ffff91d551850000
2025-07-22T14:27:29.114641+05:30 Ashutosh kernel: RBP: ffffa5ed0a053a90 R08: ffffee3d00460008 R09: ffffee3d00460008
2025-07-22T14:27:29.114642+05:30 Ashutosh kernel: R10: 0000000000000001 R11: 0000000000000080 R12: 0000000000000080
2025-07-22T14:27:29.114642+05:30 Ashutosh kernel: R13: 0000000000000007 R14: ffff91d635fde000 R15: ffff91d635fde000
2025-07-22T14:27:29.114643+05:30 Ashutosh kernel:  ? _raw_spin_unlock+0x1d/0x40
2025-07-22T14:27:29.114654+05:30 Ashutosh kernel:  get_page_from_freelist+0x30f/0x1240
2025-07-22T14:27:29.114656+05:30 Ashutosh kernel:  ? __this_cpu_preempt_check+0x17/0x20
2025-07-22T14:27:29.114656+05:30 Ashutosh kernel:  ? __mod_memcg_lruvec_state+0x8a/0xf0
2025-07-22T14:27:29.114657+05:30 Ashutosh kernel:  ? __mod_lruvec_state+0x3b/0x50
2025-07-22T14:27:29.114657+05:30 Ashutosh kernel:  __alloc_pages+0x196/0x350
2025-07-22T14:27:29.114658+05:30 Ashutosh kernel:  alloc_pages+0x98/0x160
2025-07-22T14:27:29.114667+05:30 Ashutosh kernel:  folio_alloc+0x1a/0x40
2025-07-22T14:27:29.114668+05:30 Ashutosh kernel:  ? get_page_from_freelist+0x106d/0x1240
2025-07-22T14:27:29.114669+05:30 Ashutosh kernel:  __alloc_pages+0x196/0x350
2025-07-22T14:27:29.114670+05:30 Ashutosh kernel:  ? __pfx_hvs_channel_cb+0x10/0x10
2025-07-22T14:27:29.114671+05:30 Ashutosh kernel:  vmbus_alloc_ring+0x78/0xd0
2025-07-22T14:27:29.114671+05:30 Ashutosh kernel:  vmbus_open+0x2a/0x80
2025-07-22T14:27:29.114672+05:30 Ashutosh kernel:  hvs_probe+0x41d/0x4e0
2025-07-22T14:27:29.114682+05:30 Ashutosh kernel:  vmbus_probe+0x3f/0xa0
2025-07-22T14:27:29.114684+05:30 Ashutosh kernel:  really_probe+0x1b2/0x420
2025-07-22T14:27:29.114685+05:30 Ashutosh kernel:  ? __pfx___device_attach_driver+0x10/0x10
2025-07-22T14:27:29.114686+05:30 Ashutosh kernel:  __driver_probe_device+0x7e/0x170
2025-07-22T14:27:29.114687+05:30 Ashutosh kernel:  driver_probe_device+0x23/0xa0
2025-07-22T14:27:29.114687+05:30 Ashutosh kernel:  __device_attach_driver+0x92/0x120
2025-07-22T14:27:29.114696+05:30 Ashutosh kernel:  bus_for_each_drv+0x8a/0xe0
2025-07-22T14:27:29.114697+05:30 Ashutosh kernel:  __device_attach+0xc1/0x1f0
2025-07-22T14:27:29.114698+05:30 Ashutosh kernel:  device_initial_probe+0x17/0x20
2025-07-22T14:27:29.114700+05:30 Ashutosh kernel:  bus_probe_device+0x9d/0xa0
2025-07-22T14:27:29.114700+05:30 Ashutosh kernel:  device_add+0x683/0x8a0
2025-07-22T14:27:29.114701+05:30 Ashutosh kernel:  ? hrtimer_init+0x2c/0x80
2025-07-22T14:27:29.114702+05:30 Ashutosh kernel:  device_register+0x1f/0x30
2025-07-22T14:27:29.114702+05:30 Ashutosh kernel:  vmbus_device_register+0x87/0x130
2025-07-22T14:27:29.114732+05:30 Ashutosh kernel:  vmbus_add_channel_work+0x146/0x1c0
2025-07-22T14:27:29.114733+05:30 Ashutosh kernel:  process_one_work+0x186/0x3c0
2025-07-22T14:27:29.114734+05:30 Ashutosh kernel:  worker_thread+0x1f6/0x390
2025-07-22T14:27:29.114735+05:30 Ashutosh kernel:  ? __pfx_worker_thread+0x10/0x10
2025-07-22T14:27:29.114736+05:30 Ashutosh kernel:  kthread+0x107/0x140
2025-07-22T14:27:29.114737+05:30 Ashutosh kernel:  ? __pfx_kthread+0x10/0x10
2025-07-22T14:27:29.114737+05:30 Ashutosh kernel:  filemap_alloc_folio+0xf9/0x100
2025-07-22T14:27:29.114748+05:30 Ashutosh kernel:  page_cache_ra_unbounded+0x9c/0x190
2025-07-22T14:27:29.114750+05:30 Ashutosh kernel:  page_cache_ra_order+0x23b/0x2d0
2025-07-22T14:27:29.114750+05:30 Ashutosh kernel:  ? page_cache_next_miss+0x62/0xf0
2025-07-22T14:27:29.114751+05:30 Ashutosh kernel:  ondemand_readahead+0x1cb/0x350
2025-07-22T14:27:29.114752+05:30 Ashutosh kernel:  page_cache_async_ra+0x56/0x70
2025-07-22T14:27:29.114753+05:30 Ashutosh kernel:  filemap_fault+0x31c/0xc80
2025-07-22T14:27:29.115030+05:30 Ashutosh kernel:  __do_fault+0x36/0x170
2025-07-22T14:27:29.115042+05:30 Ashutosh kernel:  do_fault+0x130/0x570
2025-07-22T14:27:29.115043+05:30 Ashutosh kernel:  __handle_mm_fault+0x751/0x840
2025-07-22T14:27:29.115262+05:30 Ashutosh kernel:  handle_mm_fault+0xc7/0x2f0
2025-07-22T14:27:29.115280+05:30 Ashutosh kernel: RIP: 0010:iowrite16+0x0/0x60
2025-07-22T14:27:29.115281+05:30 Ashutosh kernel: Code: 1d a2 9e 89 05 e1 3e c0 01 48 89 e5 e8 d9 db 8b ff 0f 0b 5d c3 cc cc cc cc 90 90 90 90 90 90 90 90 90 90 90 90 90 90 90 90 90 <f3> 0f 1e fa 48 81 fe ff ff 03 00 76 08 66 89 3e c3 cc cc cc cc 48
2025-07-22T14:27:29.115343+05:30 Ashutosh kernel: RSP: 0018:ffffa5ed00180b90 EFLAGS: 00010046
2025-07-22T14:27:29.115345+05:30 Ashutosh kernel: RAX: ffffffff9da0dc70 RBX: ffff91d5418fad00 RCX: 0000000000000001
2025-07-22T14:27:29.115346+05:30 Ashutosh kernel: RDX: ffff91d5419e84c0 RSI: ffffa5ed000a5038 RDI: 0000000000000001
2025-07-22T14:27:29.115347+05:30 Ashutosh kernel: RBP: ffffa5ed00180b98 R08: 0000000000000001 R09: ffff91d572015d50
2025-07-22T14:27:29.115348+05:30 Ashutosh kernel: R10: 0000000000000000 R11: 0000000000000001 R12: 0000000000000000
2025-07-22T14:27:29.115348+05:30 Ashutosh kernel: R13: ffff91d5418fad00 R14: 0000000000000010 R15: ffff91d5411c5324
2025-07-22T14:27:29.115349+05:30 Ashutosh kernel: FS:  0000000000000000(0000) GS:ffff91d631f80000(0000) knlGS:0000000000000000
2025-07-22T14:27:29.115362+05:30 Ashutosh kernel: CS:  0010 DS: 0000 ES: 0000 CR0: 0000000080050033
2025-07-22T14:27:29.115363+05:30 Ashutosh kernel: CR2: 00007ffff813237e CR3: 0000000001740004 CR4: 0000000000370ee0
2025-07-22T14:27:29.115364+05:30 Ashutosh kernel: Call Trace:
2025-07-22T14:27:29.115365+05:30 Ashutosh kernel:  <IRQ>
2025-07-22T14:27:29.115366+05:30 Ashutosh kernel:  ? vp_notify+0x1a/0x30
2025-07-22T14:27:29.115366+05:30 Ashutosh kernel:  virtqueue_kick+0x3b/0x50
2025-07-22T14:27:29.115378+05:30 Ashutosh kernel:  ret_from_fork+0x3d/0x60
2025-07-22T14:27:29.115379+05:30 Ashutosh kernel:  ? __pfx_kthread+0x10/0x10
2025-07-22T14:27:29.115380+05:30 Ashutosh kernel:  ret_from_fork_asm+0x1b/0x30
2025-07-22T14:27:29.115381+05:30 Ashutosh kernel:  </TASK>
2025-07-22T14:27:29.115381+05:30 Ashutosh kernel:  do_user_addr_fault+0x239/0x660
2025-07-22T14:27:29.115382+05:30 Ashutosh kernel:  exc_page_fault+0x73/0x160
2025-07-22T14:27:29.115383+05:30 Ashutosh kernel:  asm_exc_page_fault+0x2b/0x30
2025-07-22T14:27:29.115393+05:30 Ashutosh kernel: RIP: 0033:0x7c1fd4271699
2025-07-22T14:27:29.115395+05:30 Ashutosh kernel: Code: 10 00 0f 11 42 28 74 34 48 8b bb d0 00 00 00 49 8b 34 06 f6 47 0c 10 0f 84 bc 03 00 00 48 89 f7 48 c1 ef 20 0f 85 47 04 00 00 <89> 74 8a 40 48 83 c1 01 48 83 c0 10 48 39 4d 10 75 cc 48 8b 4d b0
2025-07-22T14:27:29.115396+05:30 Ashutosh kernel: RSP: 002b:00007ffc8ae04ec0 EFLAGS: 00010246
2025-07-22T14:27:29.115397+05:30 Ashutosh kernel: RAX: 0000000000000060 RBX: 000058f9a0b8da10 RCX: 0000000000000006
2025-07-22T14:27:29.115398+05:30 Ashutosh kernel: RDX: 00007c1fd27edfa8 RSI: 0000000000391830 RDI: 0000000000000000
2025-07-22T14:27:29.115398+05:30 Ashutosh kernel: RBP: 00007ffc8ae04f50 R08: 0000000000000098 R09: 00007c1fd4594010
2025-07-22T14:27:29.115463+05:30 Ashutosh kernel: R10: 0000000000000000 R11: 00007ffc8aed3090 R12: 00007ffc8ae051b0
2025-07-22T14:27:29.115470+05:30 Ashutosh kernel: R13: 00007ffc8ae05470 R14: 00007ffc8ae04f90 R15: c6f944a99042fd6b
2025-07-22T14:27:29.115471+05:30 Ashutosh kernel:  </TASK>
2025-07-22T14:27:29.115472+05:30 Ashutosh kernel:  __send_to_port+0x9f/0x130
2025-07-22T14:27:29.115472+05:30 Ashutosh kernel:  put_chars+0xd6/0x130
2025-07-22T14:27:29.115473+05:30 Ashutosh kernel:  hvc_console_print+0xb6/0x1c0
2025-07-22T14:27:29.233318+05:30 Ashutosh kernel:  console_flush_all+0x17f/0x480
2025-07-22T14:27:29.233342+05:30 Ashutosh kernel:  console_unlock+0x4e/0x110
2025-07-22T14:27:29.233343+05:30 Ashutosh kernel:  vprintk_emit+0xad/0x280
2025-07-22T14:27:29.233344+05:30 Ashutosh kernel:  vprintk_default+0x21/0x30
2025-07-22T14:27:29.233344+05:30 Ashutosh kernel:  vprintk+0x40/0x70
2025-07-22T14:27:29.233345+05:30 Ashutosh kernel:  _printk+0x5c/0x80
2025-07-22T14:27:29.233763+05:30 Ashutosh kernel:  watchdog_timer_fn+0x22f/0x2b0
2025-07-22T14:27:29.233786+05:30 Ashutosh kernel:  ? __pfx_watchdog_timer_fn+0x10/0x10
2025-07-22T14:27:29.233787+05:30 Ashutosh kernel:  __hrtimer_run_queues+0x111/0x2b0
2025-07-22T14:27:29.233787+05:30 Ashutosh kernel:  hrtimer_interrupt+0x114/0x240
2025-07-22T14:27:29.233788+05:30 Ashutosh kernel:  hv_stimer0_isr+0x2c/0x40
2025-07-22T14:27:29.233789+05:30 Ashutosh kernel:  __sysvec_hyperv_stimer0+0x50/0x90
2025-07-22T14:27:29.233790+05:30 Ashutosh kernel:  sysvec_hyperv_stimer0+0xaf/0xd0
2025-07-22T14:27:29.233809+05:30 Ashutosh kernel:  </IRQ>
2025-07-22T14:27:29.233810+05:30 Ashutosh kernel:  <TASK>
2025-07-22T14:27:29.233811+05:30 Ashutosh kernel:  asm_sysvec_hyperv_stimer0+0x1f/0x30
2025-07-22T14:27:29.233812+05:30 Ashutosh kernel: RIP: 0010:_raw_write_unlock_irq+0x16/0x40
2025-07-22T14:27:29.233813+05:30 Ashutosh kernel: Code: 00 0f 1f 00 90 90 90 90 90 90 90 90 90 90 90 90 90 90 90 90 f3 0f 1e fa 0f 1f 44 00 00 55 48 89 e5 c6 07 00 fb 0f 1f 44 00 00 <bf> 01 00 00 00 e8 10 b0 0c ff 65 8b 05 b1 4d fa 61 85 c0 74 06 5d
2025-07-22T14:27:29.233814+05:30 Ashutosh kernel: RSP: 0018:ffffa5ed089e3b90 EFLAGS: 00000246
2025-07-22T14:27:29.247636+05:30 Ashutosh kernel: RAX: ffff91d571b82880 RBX: ffff91d55fbaa7c0 RCX: 00000000400000f0
2025-07-22T14:27:29.247670+05:30 Ashutosh kernel: RDX: ffffa5ed089e3bb8 RSI: ffffa5ed089e3bb8 RDI: ffffffff9f206080
2025-07-22T14:27:29.247672+05:30 Ashutosh kernel: RBP: ffffa5ed089e3b90 R08: ffffa5ed089e3bb8 R09: ffffa5ed089e3bb8
2025-07-22T14:27:29.247672+05:30 Ashutosh kernel: R10: ffffee3d02a544c0 R11: 0000000000000000 R12: ffff91d55fbab188
2025-07-22T14:27:29.247673+05:30 Ashutosh kernel: R13: ffffa5ed089e3bb8 R14: ffffa5ed089e3bb8 R15: ffff91d542e7b870
2025-07-22T14:27:29.247674+05:30 Ashutosh kernel:  do_exit+0x664/0xb50
2025-07-22T14:27:29.248166+05:30 Ashutosh kernel:  ? futex_unqueue+0x41/0x70
2025-07-22T14:27:29.248181+05:30 Ashutosh kernel:  do_group_exit+0x39/0x90
2025-07-22T14:27:29.248183+05:30 Ashutosh kernel:  get_signal+0xa88/0xa90
2025-07-22T14:27:29.248183+05:30 Ashutosh kernel:  arch_do_signal_or_restart+0x33/0x280
2025-07-22T14:27:29.248184+05:30 Ashutosh kernel:  exit_to_user_mode_prepare+0xd4/0x140
2025-07-22T14:27:29.248185+05:30 Ashutosh kernel:  syscall_exit_to_user_mode+0x2a/0x50
2025-07-22T14:27:29.248187+05:30 Ashutosh kernel:  ? x64_sys_call+0x19b6/0x2020
2025-07-22T14:27:29.248204+05:30 Ashutosh kernel:  do_syscall_64+0x67/0xb0
2025-07-22T14:27:29.248205+05:30 Ashutosh kernel:  ? debug_smp_processor_id+0x1b/0x30
2025-07-22T14:27:29.248206+05:30 Ashutosh kernel:  ? exit_to_user_mode_prepare+0x1f/0x140
2025-07-22T14:27:29.248207+05:30 Ashutosh kernel:  ? syscall_exit_to_user_mode+0x2f/0x50
2025-07-22T14:27:29.248208+05:30 Ashutosh kernel:  ? x64_sys_call+0x11d0/0x2020
2025-07-22T14:27:29.248208+05:30 Ashutosh kernel:  ? do_syscall_64+0x67/0xb0
2025-07-22T14:27:29.248217+05:30 Ashutosh kernel:  ? __this_cpu_preempt_check+0x17/0x20
2025-07-22T14:27:29.248218+05:30 Ashutosh kernel:  ? __local_bh_enable_ip+0x3f/0x90
2025-07-22T14:27:29.248219+05:30 Ashutosh kernel:  ? arch_do_signal_or_restart+0x1e2/0x280
2025-07-22T14:27:29.248219+05:30 Ashutosh kernel:  ? debug_smp_processor_id+0x1b/0x30
2025-07-22T14:27:29.248220+05:30 Ashutosh kernel:  ? exit_to_user_mode_prepare+0x93/0x140
2025-07-22T14:27:29.248221+05:30 Ashutosh kernel:  ? irqentry_exit_to_user_mode+0x12/0x20
2025-07-22T14:27:29.248251+05:30 Ashutosh kernel:  ? irqentry_exit+0x3f/0x50
2025-07-22T14:27:29.248252+05:30 Ashutosh kernel:  ? sysvec_reschedule_ipi+0x78/0x120
2025-07-22T14:27:29.248254+05:30 Ashutosh kernel:  entry_SYSCALL_64_after_hwframe+0x78/0xe2
2025-07-22T14:27:29.248254+05:30 Ashutosh kernel: RIP: 0033:0x642c0acdd803
2025-07-22T14:27:29.248255+05:30 Ashutosh kernel: Code: Unable to access opcode bytes at 0x642c0acdd7d9.
2025-07-22T14:27:29.248256+05:30 Ashutosh kernel: RSP: 002b:000077e1b77fdb00 EFLAGS: 00000286 ORIG_RAX: 00000000000000ca
2025-07-22T14:27:29.248257+05:30 Ashutosh kernel: RAX: fffffffffffffe00 RBX: 0000000000000000 RCX: 0000642c0acdd803
2025-07-22T14:27:29.248265+05:30 Ashutosh kernel: RDX: 0000000000000000 RSI: 0000000000000080 RDI: 000000c0000a9648
2025-07-22T14:27:29.248267+05:30 Ashutosh kernel: RBP: 000077e1b77fdb48 R08: 0000000000000000 R09: 0000000000000000
2025-07-22T14:27:29.248267+05:30 Ashutosh kernel: R10: 0000000000000000 R11: 0000000000000286 R12: 0000000000000000
2025-07-22T14:27:29.248268+05:30 Ashutosh kernel: R13: 0000000000000001 R14: 000000c0000addc0 R15: 0000000000000003
2025-07-22T14:27:29.248269+05:30 Ashutosh kernel:  </TASK>
2025-07-22T14:27:29.248270+05:30 Ashutosh kernel: INFO: NMI handler (nmi_cpu_backtrace_handler) took too long to run: 167.904 msecs
2025-07-22T14:27:29.248281+05:30 Ashutosh kernel: Modules linked in: tls intel_rapl_msr intel_rapl_common crc32c_intel battery ac sch_fq_codel configfs autofs4 br_netfilter bridge stp llc ip_tables tun
2025-07-22T14:27:29.248282+05:30 Ashutosh kernel: CPU: 6 PID: 7058 Comm: snapd Tainted: G             L     6.6.87.2-microsoft-standard-WSL2 #1
2025-07-22T14:27:29.248283+05:30 Ashutosh kernel: RIP: 0010:_raw_write_unlock_irq+0x16/0x40
2025-07-22T14:27:29.248283+05:30 Ashutosh kernel: Code: 00 0f 1f 00 90 90 90 90 90 90 90 90 90 90 90 90 90 90 90 90 f3 0f 1e fa 0f 1f 44 00 00 55 48 89 e5 c6 07 00 fb 0f 1f 44 00 00 <bf> 01 00 00 00 e8 10 b0 0c ff 65 8b 05 b1 4d fa 61 85 c0 74 06 5d
2025-07-22T14:27:29.248284+05:30 Ashutosh kernel: RSP: 0018:ffffa5ed089e3b90 EFLAGS: 00000246
2025-07-22T14:27:29.248293+05:30 Ashutosh kernel: RAX: ffff91d571b82880 RBX: ffff91d55fbaa7c0 RCX: 00000000400000f0
2025-07-22T14:27:29.248294+05:30 Ashutosh kernel: RDX: ffffa5ed089e3bb8 RSI: ffffa5ed089e3bb8 RDI: ffffffff9f206080
2025-07-22T14:27:29.248295+05:30 Ashutosh kernel: RBP: ffffa5ed089e3b90 R08: ffffa5ed089e3bb8 R09: ffffa5ed089e3bb8
2025-07-22T14:27:29.248296+05:30 Ashutosh kernel: R10: ffffee3d02a544c0 R11: 0000000000000000 R12: ffff91d55fbab188
2025-07-22T14:27:29.248297+05:30 Ashutosh kernel: R13: ffffa5ed089e3bb8 R14: ffffa5ed089e3bb8 R15: ffff91d542e7b870
2025-07-22T14:27:29.248297+05:30 Ashutosh kernel: FS:  0000000000000000(0000) GS:ffff91d631f80000(0000) knlGS:0000000000000000
2025-07-22T14:27:29.248298+05:30 Ashutosh kernel: CS:  0010 DS: 0000 ES: 0000 CR0: 0000000080050033
2025-07-22T14:27:29.248327+05:30 Ashutosh kernel: CR2: 00007ffff813237e CR3: 0000000001740004 CR4: 0000000000370ee0
2025-07-22T14:27:29.248338+05:30 Ashutosh kernel: Call Trace:
2025-07-22T14:27:29.248339+05:30 Ashutosh kernel:  <TASK>
2025-07-22T14:27:29.248340+05:30 Ashutosh kernel:  do_exit+0x664/0xb50
2025-07-22T14:27:29.248340+05:30 Ashutosh kernel:  ? futex_unqueue+0x41/0x70
2025-07-22T14:27:29.248341+05:30 Ashutosh kernel:  do_group_exit+0x39/0x90
2025-07-22T14:27:29.248500+05:30 Ashutosh kernel:  get_signal+0xa88/0xa90
2025-07-22T14:27:29.248507+05:30 Ashutosh kernel:  arch_do_signal_or_restart+0x33/0x280
2025-07-22T14:27:29.248508+05:30 Ashutosh kernel:  exit_to_user_mode_prepare+0xd4/0x140
2025-07-22T14:27:29.248509+05:30 Ashutosh kernel:  syscall_exit_to_user_mode+0x2a/0x50
2025-07-22T14:27:29.248510+05:30 Ashutosh kernel:  ? x64_sys_call+0x19b6/0x2020
2025-07-22T14:27:29.248510+05:30 Ashutosh kernel:  do_syscall_64+0x67/0xb0
2025-07-22T14:27:29.248538+05:30 Ashutosh kernel:  ? debug_smp_processor_id+0x1b/0x30
2025-07-22T14:27:29.248543+05:30 Ashutosh kernel:  ? exit_to_user_mode_prepare+0x1f/0x140
2025-07-22T14:27:29.248544+05:30 Ashutosh kernel:  ? syscall_exit_to_user_mode+0x2f/0x50
2025-07-22T14:27:29.248545+05:30 Ashutosh kernel:  ? x64_sys_call+0x11d0/0x2020
2025-07-22T14:27:29.248545+05:30 Ashutosh kernel:  ? do_syscall_64+0x67/0xb0
2025-07-22T14:27:29.248661+05:30 Ashutosh kernel:  ? __this_cpu_preempt_check+0x17/0x20
2025-07-22T14:27:29.248666+05:30 Ashutosh kernel:  ? __local_bh_enable_ip+0x3f/0x90
2025-07-22T14:27:29.248693+05:30 Ashutosh kernel:  ? arch_do_signal_or_restart+0x1e2/0x280
2025-07-22T14:27:29.248698+05:30 Ashutosh kernel:  ? debug_smp_processor_id+0x1b/0x30
2025-07-22T14:27:29.248699+05:30 Ashutosh kernel:  ? exit_to_user_mode_prepare+0x93/0x140
2025-07-22T14:27:29.248700+05:30 Ashutosh kernel:  ? irqentry_exit_to_user_mode+0x12/0x20
2025-07-22T14:27:29.248701+05:30 Ashutosh kernel:  ? irqentry_exit+0x3f/0x50
2025-07-22T14:27:29.248701+05:30 Ashutosh kernel:  ? sysvec_reschedule_ipi+0x78/0x120
2025-07-22T14:27:29.248726+05:30 Ashutosh kernel:  entry_SYSCALL_64_after_hwframe+0x78/0xe2
2025-07-22T14:27:29.248730+05:30 Ashutosh kernel: RIP: 0033:0x642c0acdd803
2025-07-22T14:27:29.248732+05:30 Ashutosh kernel: Code: Unable to access opcode bytes at 0x642c0acdd7d9.
2025-07-22T14:27:29.248733+05:30 Ashutosh kernel: RSP: 002b:000077e1b77fdb00 EFLAGS: 00000286 ORIG_RAX: 00000000000000ca
2025-07-22T14:27:29.248733+05:30 Ashutosh kernel: RAX: fffffffffffffe00 RBX: 0000000000000000 RCX: 0000642c0acdd803
2025-07-22T14:27:29.248734+05:30 Ashutosh kernel: RDX: 0000000000000000 RSI: 0000000000000080 RDI: 000000c0000a9648
2025-07-22T14:27:29.248735+05:30 Ashutosh kernel: RBP: 000077e1b77fdb48 R08: 0000000000000000 R09: 0000000000000000
2025-07-22T14:27:29.249669+05:30 Ashutosh kernel: R10: 0000000000000000 R11: 0000000000000286 R12: 0000000000000000
2025-07-22T14:27:29.249737+05:30 Ashutosh kernel: R13: 0000000000000001 R14: 000000c0000addc0 R15: 0000000000000003
2025-07-22T14:27:29.249741+05:30 Ashutosh kernel:  </TASK>
2025-07-22T14:27:29.249741+05:30 Ashutosh kernel: systemd-logind: systemd-logind: potentially unexpected fatal signal 6.
2025-07-22T14:27:29.249742+05:30 Ashutosh kernel: udevadm: systemd-udevd: potentially unexpected fatal signal 6.
2025-07-22T14:27:29.249743+05:30 Ashutosh kernel: CPU: 0 PID: 6317 Comm: systemd-udevd Tainted: G             L     6.6.87.2-microsoft-standard-WSL2 #1
2025-07-22T14:27:29.259585+05:30 Ashutosh kernel: RIP: 0033:0x798140f173be
2025-07-22T14:27:29.259642+05:30 Ashutosh kernel: Code: 0f 1f 40 00 48 8b 15 59 ba 0e 00 f7 d8 64 89 02 b8 ff ff ff ff c3 66 0f 1f 44 00 00 f3 0f 1e fa 41 89 ca b8 06 01 00 00 0f 05 <3d> 00 f0 ff ff 77 0b 31 c0 c3 0f 1f 84 00 00 00 00 00 48 8b 15 21
2025-07-22T14:27:29.259644+05:30 Ashutosh kernel: RSP: 002b:00007ffe3b1cc488 EFLAGS: 00000246 ORIG_RAX: 0000000000000106
2025-07-22T14:27:29.259645+05:30 Ashutosh kernel: RAX: 0000000000000000 RBX: 0000000000000000 RCX: 0000798140f173be
2025-07-22T14:27:29.259646+05:30 Ashutosh kernel: RDX: 00007ffe3b1cc4d0 RSI: 000062c607716a20 RDI: 00000000ffffff9c
2025-07-22T14:27:29.259647+05:30 Ashutosh kernel: RBP: 00007ffe3b1cc630 R08: 000000000000001d R09: 000062c607722450
2025-07-22T14:27:29.259648+05:30 Ashutosh kernel: R10: 0000000000000000 R11: 0000000000000246 R12: 000062c607722418
2025-07-22T14:27:29.259649+05:30 Ashutosh kernel: R13: 00007ffe3b1cc4d0 R14: 00007ffe3b1cc660 R15: 0000000000000000
2025-07-22T14:27:29.259650+05:30 Ashutosh kernel: FS:  00007981410168c0 GS:  0000000000000000
2025-07-22T14:27:29.259651+05:30 Ashutosh kernel: systemd-journald: systemd-journal: potentially unexpected fatal signal 6.
2025-07-22T14:27:29.259652+05:30 Ashutosh kernel: CPU: 1 PID: 3600 Comm: systemd-journal Tainted: G             L     6.6.87.2-microsoft-standard-WSL2 #1
2025-07-22T14:27:29.259653+05:30 Ashutosh kernel: RIP: 0033:0x7c1fd427204f
2025-07-22T14:27:29.259653+05:30 Ashutosh kernel: Code: 00 00 48 8b 40 70 48 89 c7 48 c1 ef 04 48 83 f8 0f 0f 86 33 02 00 00 4c 89 f0 31 d2 48 f7 f7 48 c1 e2 04 48 03 93 d8 00 00 00 <4c> 8b 22 4c 89 65 a8 4d 85 e4 74 8b 48 8d 45 c0 45 31 ff 48 89 45
2025-07-22T14:27:29.259654+05:30 Ashutosh kernel: RSP: 002b:00007ffc8ae04e50 EFLAGS: 00010202
2025-07-22T14:27:29.259655+05:30 Ashutosh kernel: RAX: 000042cbd1ab2da2 RBX: 000058f9a0b8da10 RCX: ed7f1fe459a8494d
2025-07-22T14:27:29.259656+05:30 Ashutosh kernel: RDX: 00007c1fd22733d0 RSI: 000058f9a0b8f5c0 RDI: 0000000000038e38
2025-07-22T14:27:29.259657+05:30 Ashutosh kernel: RBP: 00007ffc8ae04ee0 R08: 00007ffc8ae05180 R09: 00007ffc8ae05188
2025-07-22T14:27:29.259658+05:30 Ashutosh kernel: R10: 23c521a428dd9fc8 R11: 000058f9a0b8f5c0 R12: 0000000000000022
2025-07-22T14:27:29.259658+05:30 Ashutosh kernel: R13: 0000000000000022 R14: ed7f1fe459a8494d R15: 00007ffc8ae05188
2025-07-22T14:27:29.259659+05:30 Ashutosh kernel: FS:  00007c1fd43b3440 GS:  0000000000000000
2025-07-22T14:27:29.259660+05:30 Ashutosh kernel: Modules linked in: tls intel_rapl_msr intel_rapl_common crc32c_intel battery ac sch_fq_codel configfs autofs4 br_netfilter bridge stp llc ip_tables tun
2025-07-22T14:27:29.259661+05:30 Ashutosh kernel: CPU: 5 PID: 7056 Comm: snapd Tainted: G             L     6.6.87.2-microsoft-standard-WSL2 #1
2025-07-22T14:27:29.259662+05:30 Ashutosh kernel: RIP: 0010:unmap_page_range+0x50e/0xfb0
2025-07-22T14:27:29.259662+05:30 Ashutosh kernel: Code: 75 90 49 89 46 10 49 8b 46 18 48 39 f0 48 0f 42 c6 41 80 4e 20 10 49 89 46 18 49 83 7d 78 00 74 53 48 85 db 74 06 f6 43 0c 01 <75> 48 48 8b 45 a8 48 8b 00 48 a9 9f ff ff ff 0f 85 68 08 00 00 41
2025-07-22T14:27:29.259663+05:30 Ashutosh kernel: RSP: 0018:ffffa5ed08873a00 EFLAGS: 00000202
2025-07-22T14:27:29.259664+05:30 Ashutosh kernel: RAX: ffffffffffffffff RBX: ffffa5ed08873b58 RCX: 0000000000000025
2025-07-22T14:27:29.259665+05:30 Ashutosh kernel: RDX: 8000000000000025 RSI: 0000642c0ba69000 RDI: ffff91d559621e70
2025-07-22T14:27:29.259665+05:30 Ashutosh kernel: RBP: ffffa5ed08873ae8 R08: ffff91d559621e70 R09: ffffee3d02c46e00
2025-07-22T14:27:29.259666+05:30 Ashutosh kernel: R10: 0000000000000001 R11: 0000000000000001 R12: 80000000b11b9025
2025-07-22T14:27:29.259667+05:30 Ashutosh kernel: R13: ffff91d559621e70 R14: ffffa5ed08873c20 R15: ffffee3d02c46e40
2025-07-22T14:27:29.259667+05:30 Ashutosh kernel: FS:  0000000000000000(0000) GS:ffff91d631f40000(0000) knlGS:0000000000000000
2025-07-22T14:27:29.259668+05:30 Ashutosh kernel: CS:  0010 DS: 0000 ES: 0000 CR0: 0000000080050033
2025-07-22T14:27:29.259669+05:30 Ashutosh kernel: CR2: 00007e83002294e8 CR3: 0000000002eea004 CR4: 0000000000370ee0
2025-07-22T14:27:29.259669+05:30 Ashutosh kernel: Call Trace:
2025-07-22T14:27:29.259670+05:30 Ashutosh kernel:  <TASK>
2025-07-22T14:27:29.259671+05:30 Ashutosh kernel:  unmap_single_vma+0x8d/0xe0
2025-07-22T14:27:29.259671+05:30 Ashutosh kernel:  unmap_vmas+0xb1/0x180
2025-07-22T14:27:29.259672+05:30 Ashutosh kernel:  exit_mmap+0xfc/0x390
2025-07-22T14:27:29.259673+05:30 Ashutosh kernel:  __mmput+0x4a/0x140
2025-07-22T14:27:29.259674+05:30 Ashutosh kernel:  mmput+0x34/0x40
2025-07-22T14:27:29.259674+05:30 Ashutosh kernel:  do_exit+0x315/0xb50
2025-07-22T14:27:29.259675+05:30 Ashutosh kernel:  ? futex_unqueue+0x41/0x70
2025-07-22T14:27:29.259675+05:30 Ashutosh kernel:  ? futex_wait+0x161/0x260
2025-07-22T14:27:29.259676+05:30 Ashutosh kernel:  do_group_exit+0x39/0x90
2025-07-22T14:27:29.259676+05:30 Ashutosh kernel:  get_signal+0xa88/0xa90
2025-07-22T14:27:29.259677+05:30 Ashutosh kernel:  arch_do_signal_or_restart+0x33/0x280
2025-07-22T14:27:29.259678+05:30 Ashutosh kernel:  ? debug_smp_processor_id+0x1b/0x30
2025-07-22T14:27:29.259678+05:30 Ashutosh kernel:  exit_to_user_mode_prepare+0xd4/0x140
2025-07-22T14:27:29.259679+05:30 Ashutosh kernel:  syscall_exit_to_user_mode+0x2a/0x50
2025-07-22T14:27:29.259679+05:30 Ashutosh kernel:  ? x64_sys_call+0x19b6/0x2020
2025-07-22T14:27:29.259729+05:30 Ashutosh kernel:  do_syscall_64+0x67/0xb0
2025-07-22T14:27:29.259731+05:30 Ashutosh kernel:  ? irqentry_exit_to_user_mode+0x12/0x20
2025-07-22T14:27:29.259732+05:30 Ashutosh kernel:  ? irqentry_exit+0x3f/0x50
2025-07-22T14:27:29.259733+05:30 Ashutosh kernel:  ? exc_page_fault+0x84/0x160
2025-07-22T14:27:29.259734+05:30 Ashutosh kernel:  entry_SYSCALL_64_after_hwframe+0x78/0xe2
2025-07-22T14:27:29.259735+05:30 Ashutosh kernel: RIP: 0033:0x642c0acdd803
2025-07-22T14:27:29.259735+05:30 Ashutosh kernel: Code: Unable to access opcode bytes at 0x642c0acdd7d9.
2025-07-22T14:27:29.259748+05:30 Ashutosh kernel: RSP: 002b:000077e1cd15acf8 EFLAGS: 00000286 ORIG_RAX: 00000000000000ca
2025-07-22T14:27:29.259750+05:30 Ashutosh kernel: RAX: fffffffffffffe00 RBX: 0000000000000000 RCX: 0000642c0acdd803
2025-07-22T14:27:29.259750+05:30 Ashutosh kernel: RDX: 0000000000000000 RSI: 0000000000000080 RDI: 0000642c0c81dd18
2025-07-22T14:27:29.259751+05:30 Ashutosh kernel: RBP: 000077e1cd15ad40 R08: 0000000000000000 R09: 0000000000000000
2025-07-22T14:27:29.259752+05:30 Ashutosh kernel: R10: 0000000000000000 R11: 0000000000000286 R12: 000000c0000076c0
2025-07-22T14:27:29.259752+05:30 Ashutosh kernel: R13: 0000000000000016 R14: 000000c0000076c0 R15: 00007ffc2df92f00
2025-07-22T14:27:29.260152+05:30 Ashutosh kernel:  </TASK>
2025-07-22T14:26:35.764088+05:30 Ashutosh kernel: CPU: 7 PID: 518 Comm: systemd-logind Tainted: G             L     6.6.87.2-microsoft-standard-WSL2 #1
2025-07-22T14:26:35.764133+05:30 Ashutosh kernel: RIP: 0033:0x70999dd2c2eb
2025-07-22T14:26:35.764136+05:30 Ashutosh kernel: Code: 48 8b 55 f8 64 48 2b 14 25 28 00 00 00 75 02 c9 c3 e8 b9 bb 00 00 66 0f 1f 84 00 00 00 00 00 f3 0f 1e fa b8 29 00 00 00 0f 05 <48> 3d 01 f0 ff ff 73 01 c3 48 8b 0d fd 6a 0d 00 f7 d8 64 89 01 48
2025-07-22T14:26:35.764138+05:30 Ashutosh kernel: RSP: 002b:00007fff4fff42b8 EFLAGS: 00000246 ORIG_RAX: 0000000000000029
2025-07-22T14:26:35.764140+05:30 Ashutosh kernel: RAX: 0000000000000013 RBX: 0000000000000000 RCX: 000070999dd2c2eb
2025-07-22T14:26:35.764141+05:30 Ashutosh kernel: RDX: 0000000000000000 RSI: 0000000000080002 RDI: 0000000000000001
2025-07-22T14:26:35.764143+05:30 Ashutosh kernel: RBP: 00007fff4fff4490 R08: 0000000000000000 R09: 010690674b9578cd
2025-07-22T14:26:35.764144+05:30 Ashutosh kernel: R10: 00007fff4fff9080 R11: 0000000000000246 R12: 00007fff4fff43c0
2025-07-22T14:26:35.764145+05:30 Ashutosh kernel: R13: 00007fff4fff4dfe R14: 000070999e2c9fcb R15: 0000000000000002
2025-07-22T14:26:35.764146+05:30 Ashutosh kernel: FS:  000070999de1e4c0 GS:  0000000000000000
2025-07-22T14:35:50.796128+05:30 Ashutosh kernel: rcu: INFO: rcu_preempt detected stalls on CPUs/tasks:
2025-07-22T14:35:50.796171+05:30 Ashutosh kernel: watchdog: BUG: soft lockup - CPU#2 stuck for 517s! [swapper/2:0]
2025-07-22T14:35:50.902130+05:30 Ashutosh kernel: rcu: 	1-...!: (1 GPs behind) idle=699c/0/0x1 softirq=157621/157622 fqs=4
2025-07-22T14:35:50.902148+05:30 Ashutosh kernel: rcu: 	2-...!: (1 GPs behind) idle=82b4/0/0x1 softirq=159723/159724 fqs=4
2025-07-22T14:35:50.902149+05:30 Ashutosh kernel: rcu: 	(detected by 1, t=132226 jiffies, g=680669, q=90 ncpus=8)
2025-07-22T14:35:50.902150+05:30 Ashutosh kernel: CPU: 1 PID: 0 Comm: swapper/1 Tainted: G             L     6.6.87.2-microsoft-standard-WSL2 #1
2025-07-22T14:35:50.902151+05:30 Ashutosh kernel: RIP: 0010:pv_native_safe_halt+0xf/0x20
2025-07-22T14:35:50.902152+05:30 Ashutosh kernel: Code: 0b 66 2e 0f 1f 84 00 00 00 00 00 90 90 90 90 90 90 90 90 90 90 90 90 90 90 90 90 f3 0f 1e fa eb 07 0f 00 2d 05 fd 38 00 fb f4 <c3> cc cc cc cc 66 2e 0f 1f 84 00 00 00 00 00 66 90 90 90 90 90 90
2025-07-22T14:35:50.902153+05:30 Ashutosh kernel: RSP: 0018:ffffa5ed000c3e98 EFLAGS: 00000206
2025-07-22T14:35:50.902153+05:30 Ashutosh kernel: RAX: 0000000000000001 RBX: 0000000000000001 RCX: 0000000000000000
2025-07-22T14:35:50.902154+05:30 Ashutosh kernel: RDX: 4000000000000000 RSI: ffffffff9e97d70e RDI: 0000000000f26994
2025-07-22T14:35:50.902155+05:30 Ashutosh kernel: RBP: ffffa5ed000c3ea0 R08: 0000f92dafd18b94 R09: 010690674b9578cd
2025-07-22T14:35:50.902155+05:30 Ashutosh kernel: R10: 0000000000000000 R11: 0000000000000000 R12: ffff91d540754f80
2025-07-22T14:35:50.902156+05:30 Ashutosh kernel: R13: 0000000000000000 R14: 0000000000000000 R15: 0000000000000000
2025-07-22T14:35:50.902157+05:30 Ashutosh kernel: FS:  0000000000000000(0000) GS:ffff91d631e40000(0000) knlGS:0000000000000000
2025-07-22T14:35:50.902157+05:30 Ashutosh kernel: CS:  0010 DS: 0000 ES: 0000 CR0: 0000000080050033
2025-07-22T14:35:50.902158+05:30 Ashutosh kernel: CR2: 00007e7dc8001128 CR3: 000000009e60e003 CR4: 0000000000370ee0
2025-07-22T14:35:50.902158+05:30 Ashutosh kernel: Call Trace:
2025-07-22T14:35:50.902159+05:30 Ashutosh kernel:  <TASK>
2025-07-22T14:35:50.902160+05:30 Ashutosh kernel:  ? default_idle+0xd/0x20
2025-07-22T14:35:50.902161+05:30 Ashutosh kernel:  arch_cpu_idle+0xd/0x20
2025-07-22T14:35:50.902161+05:30 Ashutosh kernel:  default_idle_call+0x2e/0xe0
2025-07-22T14:35:50.902162+05:30 Ashutosh kernel:  do_idle+0x205/0x250
2025-07-22T14:35:50.902163+05:30 Ashutosh kernel:  cpu_startup_entry+0x31/0x40
2025-07-22T14:35:50.902164+05:30 Ashutosh kernel:  start_secondary+0x119/0x140
2025-07-22T14:35:50.902164+05:30 Ashutosh kernel:  secondary_startup_64_no_verify+0x17d/0x18b
2025-07-22T14:35:50.902165+05:30 Ashutosh kernel:  </TASK>
2025-07-22T14:35:50.902166+05:30 Ashutosh kernel: Sending NMI from CPU 1 to CPUs 2:
2025-07-22T14:35:50.902166+05:30 Ashutosh kernel: NMI backtrace for cpu 2
2025-07-22T14:35:50.902167+05:30 Ashutosh kernel: CPU: 2 PID: 0 Comm: swapper/2 Tainted: G             L     6.6.87.2-microsoft-standard-WSL2 #1
2025-07-22T14:35:50.902168+05:30 Ashutosh kernel: RIP: 0010:vprintk_emit+0x1f4/0x280
2025-07-22T14:35:50.902168+05:30 Ashutosh kernel: Code: 25 00 29 03 00 48 39 d0 74 44 48 c7 c7 20 a6 a6 9f c6 05 91 65 8c 02 01 e8 99 a1 ee 00 0f b6 05 85 65 8c 02 84 c0 74 0d f3 90 <0f> b6 05 78 65 8c 02 84 c0 75 f3 e8 ec 0b 00 00 80 e7 02 0f 84 91
2025-07-22T14:35:50.902169+05:30 Ashutosh kernel: RSP: 0018:ffffa5ed00128e08 EFLAGS: 00000002
2025-07-22T14:35:50.902170+05:30 Ashutosh kernel: RAX: 0000000000000001 RBX: 0000000000000046 RCX: 0000000000000000
2025-07-22T14:35:50.902170+05:30 Ashutosh kernel: RDX: 0000000000010003 RSI: 0000000000000002 RDI: 00000000ffffffff
2025-07-22T14:35:50.902171+05:30 Ashutosh kernel: RBP: ffffa5ed00128e40 R08: 0000000000000040 R09: 0000000000ffff0a
2025-07-22T14:35:50.902172+05:30 Ashutosh kernel: R10: 0000000000000000 R11: 0000000000000001 R12: 0000000000000040
2025-07-22T14:35:50.902172+05:30 Ashutosh kernel: R13: 00000000ffffffff R14: 0000000000000000 R15: ffffa5ed00128e70
2025-07-22T14:35:50.902173+05:30 Ashutosh kernel: FS:  0000000000000000(0000) GS:ffff91d631e80000(0000) knlGS:0000000000000000
2025-07-22T14:35:50.902174+05:30 Ashutosh kernel: CS:  0010 DS: 0000 ES: 0000 CR0: 0000000080050033
2025-07-22T14:35:50.902175+05:30 Ashutosh kernel: CR2: 00006268e1559a60 CR3: 000000009e60e002 CR4: 0000000000370ee0
2025-07-22T14:35:50.902176+05:30 Ashutosh kernel: Call Trace:
2025-07-22T14:35:50.902176+05:30 Ashutosh kernel:  <IRQ>
2025-07-22T14:35:50.902177+05:30 Ashutosh kernel:  vprintk_default+0x21/0x30
2025-07-22T14:35:50.902177+05:30 Ashutosh kernel:  vprintk+0x40/0x70
2025-07-22T14:35:50.902178+05:30 Ashutosh kernel:  _printk+0x5c/0x80
2025-07-22T14:35:50.902179+05:30 Ashutosh kernel:  watchdog_timer_fn+0x22f/0x2b0
2025-07-22T14:35:50.902179+05:30 Ashutosh kernel:  ? __pfx_watchdog_timer_fn+0x10/0x10
2025-07-22T14:35:50.902180+05:30 Ashutosh kernel:  __hrtimer_run_queues+0x111/0x2b0
2025-07-22T14:35:50.902181+05:30 Ashutosh kernel:  hrtimer_interrupt+0x114/0x240
2025-07-22T14:35:50.902182+05:30 Ashutosh kernel:  hv_stimer0_isr+0x2c/0x40
2025-07-22T14:35:50.902182+05:30 Ashutosh kernel:  __sysvec_hyperv_stimer0+0x50/0x90
2025-07-22T14:35:50.902183+05:30 Ashutosh kernel:  sysvec_hyperv_stimer0+0xaf/0xd0
2025-07-22T14:35:50.902183+05:30 Ashutosh kernel:  </IRQ>
2025-07-22T14:35:50.902184+05:30 Ashutosh kernel:  <TASK>
2025-07-22T14:35:50.902185+05:30 Ashutosh kernel:  asm_sysvec_hyperv_stimer0+0x1f/0x30
2025-07-22T14:35:50.902186+05:30 Ashutosh kernel: RIP: 0010:pv_native_safe_halt+0xf/0x20
2025-07-22T14:35:50.902186+05:30 Ashutosh kernel: Code: 0b 66 2e 0f 1f 84 00 00 00 00 00 90 90 90 90 90 90 90 90 90 90 90 90 90 90 90 90 f3 0f 1e fa eb 07 0f 00 2d 05 fd 38 00 fb f4 <c3> cc cc cc cc 66 2e 0f 1f 84 00 00 00 00 00 66 90 90 90 90 90 90
2025-07-22T14:35:50.902187+05:30 Ashutosh kernel: RSP: 0018:ffffa5ed000cbe98 EFLAGS: 00000216
2025-07-22T14:35:50.902187+05:30 Ashutosh kernel: RAX: 0000000000000002 RBX: 0000000000000002 RCX: 0000000000000000
2025-07-22T14:35:50.902188+05:30 Ashutosh kernel: RDX: 4000000000000000 RSI: ffffffff9e97d70e RDI: 0000000000e982ac
2025-07-22T14:35:50.902189+05:30 Ashutosh kernel: RBP: ffffa5ed000cbea0 R08: 0000f92daff179cc R09: 010690674b9578cd
2025-07-22T14:35:50.902189+05:30 Ashutosh kernel: R10: 0000000000000000 R11: 0000000000000000 R12: ffff91d5407527c0
2025-07-22T14:35:50.902190+05:30 Ashutosh kernel: R13: 0000000000000000 R14: 0000000000000000 R15: 0000000000000000
2025-07-22T14:35:50.902191+05:30 Ashutosh kernel:  ? default_idle+0xd/0x20
2025-07-22T14:35:50.902191+05:30 Ashutosh kernel:  arch_cpu_idle+0xd/0x20
2025-07-22T14:35:50.902192+05:30 Ashutosh kernel:  default_idle_call+0x2e/0xe0
2025-07-22T14:35:50.902193+05:30 Ashutosh kernel:  do_idle+0x205/0x250
2025-07-22T14:35:50.902193+05:30 Ashutosh kernel:  cpu_startup_entry+0x31/0x40
2025-07-22T14:35:50.902194+05:30 Ashutosh kernel:  start_secondary+0x119/0x140
2025-07-22T14:35:50.902195+05:30 Ashutosh kernel:  secondary_startup_64_no_verify+0x17d/0x18b
2025-07-22T14:35:50.902195+05:30 Ashutosh kernel:  </TASK>
2025-07-22T14:35:51.945183+05:30 Ashutosh kernel: Modules linked in: tls intel_rapl_msr intel_rapl_common crc32c_intel battery ac sch_fq_codel configfs autofs4 br_netfilter bridge stp llc ip_tables tun
2025-07-22T14:35:51.945222+05:30 Ashutosh kernel: CPU: 2 PID: 0 Comm: swapper/2 Tainted: G             L     6.6.87.2-microsoft-standard-WSL2 #1
2025-07-22T14:35:51.945223+05:30 Ashutosh kernel: RIP: 0010:pv_native_safe_halt+0xf/0x20
2025-07-22T14:35:51.945224+05:30 Ashutosh kernel: Code: 0b 66 2e 0f 1f 84 00 00 00 00 00 90 90 90 90 90 90 90 90 90 90 90 90 90 90 90 90 f3 0f 1e fa eb 07 0f 00 2d 05 fd 38 00 fb f4 <c3> cc cc cc cc 66 2e 0f 1f 84 00 00 00 00 00 66 90 90 90 90 90 90
2025-07-22T14:35:51.945225+05:30 Ashutosh kernel: RSP: 0018:ffffa5ed000cbe98 EFLAGS: 00000216
2025-07-22T14:35:51.945226+05:30 Ashutosh kernel: RAX: 0000000000000002 RBX: 0000000000000002 RCX: 0000000000000000
2025-07-22T14:35:51.945227+05:30 Ashutosh kernel: RDX: 4000000000000000 RSI: ffffffff9e97d70e RDI: 0000000000e982ac
2025-07-22T14:35:51.945229+05:30 Ashutosh kernel: RBP: ffffa5ed000cbea0 R08: 0000f92daff179cc R09: 010690674b9578cd
2025-07-22T14:35:51.945229+05:30 Ashutosh kernel: R10: 0000000000000000 R11: 0000000000000000 R12: ffff91d5407527c0
2025-07-22T14:35:51.945230+05:30 Ashutosh kernel: R13: 0000000000000000 R14: 0000000000000000 R15: 0000000000000000
2025-07-22T14:35:51.945231+05:30 Ashutosh kernel: FS:  0000000000000000(0000) GS:ffff91d631e80000(0000) knlGS:0000000000000000
2025-07-22T14:35:51.945232+05:30 Ashutosh kernel: CS:  0010 DS: 0000 ES: 0000 CR0: 0000000080050033
2025-07-22T14:35:51.945232+05:30 Ashutosh kernel: CR2: 00006268e1559a60 CR3: 000000009e60e002 CR4: 0000000000370ee0
2025-07-22T14:35:51.945233+05:30 Ashutosh kernel: Call Trace:
2025-07-22T14:35:51.945234+05:30 Ashutosh kernel:  <TASK>
2025-07-22T14:35:51.945234+05:30 Ashutosh kernel:  ? default_idle+0xd/0x20
2025-07-22T14:35:51.945236+05:30 Ashutosh kernel:  arch_cpu_idle+0xd/0x20
2025-07-22T14:35:51.945237+05:30 Ashutosh kernel:  default_idle_call+0x2e/0xe0
2025-07-22T14:35:51.945238+05:30 Ashutosh kernel:  do_idle+0x205/0x250
2025-07-22T14:35:51.945239+05:30 Ashutosh kernel:  cpu_startup_entry+0x31/0x40
2025-07-22T14:35:51.945240+05:30 Ashutosh kernel:  start_secondary+0x119/0x140
2025-07-22T14:35:51.945240+05:30 Ashutosh kernel:  secondary_startup_64_no_verify+0x17d/0x18b
2025-07-22T14:35:51.945241+05:30 Ashutosh kernel:  </TASK>
2025-07-22T14:35:55.992193+05:30 Ashutosh kernel: mini_init (201): drop_caches: 1
2025-07-22T14:36:51.968059+05:30 Ashutosh kernel: mini_init (201): drop_caches: 1
2025-07-22T15:42:41.337025+05:30 Ashutosh kernel: mini_init (201): drop_caches: 1
2025-07-22T15:49:46.248323+05:30 Ashutosh kernel: rcu: INFO: rcu_preempt self-detected stall on CPU
2025-07-22T15:49:46.248675+05:30 Ashutosh kernel: rcu: 	6-...!: (4 GPs behind) idle=42ac/0/0x1 softirq=207153/207153 fqs=0
2025-07-22T15:49:46.248688+05:30 Ashutosh kernel: rcu: 	(t=16734 jiffies g=814961 q=7 ncpus=8)
2025-07-22T15:49:46.248707+05:30 Ashutosh kernel: rcu: rcu_preempt kthread timer wakeup didn't happen for 16733 jiffies! g814961 f0x0 RCU_GP_WAIT_FQS(5) ->state=0x402
2025-07-22T15:49:46.249139+05:30 Ashutosh kernel: rcu: 	Possible timer handling issue on cpu=7 timer-softirq=169741
2025-07-22T15:49:46.249178+05:30 Ashutosh kernel: rcu: rcu_preempt kthread starved for 16734 jiffies! g814961 f0x0 RCU_GP_WAIT_FQS(5) ->state=0x402 ->cpu=7
2025-07-22T15:49:47.073285+05:30 Ashutosh kernel: rcu: 	Unless rcu_preempt kthread gets sufficient CPU time, OOM is now expected behavior.
2025-07-22T15:49:47.073327+05:30 Ashutosh kernel: rcu: RCU grace-period kthread stack dump:
2025-07-22T15:49:47.073329+05:30 Ashutosh kernel: task:rcu_preempt     state:I stack:0     pid:17    ppid:2      flags:0x00004000
2025-07-22T15:49:47.073330+05:30 Ashutosh kernel: Call Trace:
2025-07-22T15:49:47.073331+05:30 Ashutosh kernel:  <TASK>
2025-07-22T15:49:47.073332+05:30 Ashutosh kernel:  __schedule+0x364/0xb00
2025-07-22T15:49:50.437757+05:30 Ashutosh kernel:  ? _raw_spin_unlock_irqrestore+0x2b/0x50
2025-07-22T15:49:50.437800+05:30 Ashutosh kernel:  ? __pfx_rcu_gp_kthread+0x10/0x10
2025-07-22T15:49:50.437802+05:30 Ashutosh kernel:  schedule+0x6f/0xf0
2025-07-22T15:49:50.437803+05:30 Ashutosh kernel:  schedule_timeout+0x8d/0x160
2025-07-22T15:49:50.437804+05:30 Ashutosh kernel:  ? __pfx_process_timeout+0x10/0x10
2025-07-22T15:49:50.437805+05:30 Ashutosh kernel:  rcu_gp_fqs_loop+0x115/0x4d0
2025-07-22T15:49:50.437806+05:30 Ashutosh kernel:  rcu_gp_kthread+0xd8/0x170
2025-07-22T15:49:50.437807+05:30 Ashutosh kernel:  kthread+0x107/0x140
2025-07-22T15:49:50.437808+05:30 Ashutosh kernel:  ? __pfx_kthread+0x10/0x10
2025-07-22T15:49:50.437808+05:30 Ashutosh kernel:  ret_from_fork+0x3d/0x60
2025-07-22T15:49:50.437809+05:30 Ashutosh kernel:  ? __pfx_kthread+0x10/0x10
2025-07-22T15:49:50.437810+05:30 Ashutosh kernel:  ret_from_fork_asm+0x1b/0x30
2025-07-22T15:49:50.437811+05:30 Ashutosh kernel:  </TASK>
2025-07-22T15:49:50.437811+05:30 Ashutosh kernel: rcu: Stack dump where RCU GP kthread last ran:
2025-07-22T15:49:50.437812+05:30 Ashutosh kernel: Sending NMI from CPU 6 to CPUs 7:
2025-07-22T15:49:50.437989+05:30 Ashutosh kernel: NMI backtrace for cpu 7
2025-07-22T15:49:50.438004+05:30 Ashutosh kernel: CPU: 7 PID: 17567 Comm: snapd Tainted: G             L     6.6.87.2-microsoft-standard-WSL2 #1
2025-07-22T15:49:50.438005+05:30 Ashutosh kernel: RIP: 0033:0x623c4582692b
2025-07-22T15:49:50.438006+05:30 Ashutosh kernel: Code: fc 89 07 89 4c 1f fc c3 48 8b 06 48 89 07 c3 48 8b 06 48 8b 4c 1e f8 48 89 07 48 89 4c 1f f8 c3 f3 0f 6f 06 f3 0f 6f 4c 1e f0 <f3> 0f 7f 07 f3 0f 7f 4c 1f f0 c3 f3 0f 6f 06 f3 0f 6f 4e 10 f3 0f
2025-07-22T15:49:50.438007+05:30 Ashutosh kernel: RSP: 002b:000000c00070bd10 EFLAGS: 00010287
2025-07-22T15:49:50.438007+05:30 Ashutosh kernel: RAX: 000000c00003f038 RBX: 0000000000000015 RCX: 0000000000000015
2025-07-22T15:49:50.438008+05:30 Ashutosh kernel: RDX: 0000000000000000 RSI: 000000c00027a028 RDI: 000000c00003f038
2025-07-22T15:49:50.438009+05:30 Ashutosh kernel: RBP: 000000c00070bd38 R08: 0000000000000000 R09: 0000000000000001
2025-07-22T15:49:50.438010+05:30 Ashutosh kernel: R10: 000076509b1066a8 R11: 0000000000000000 R12: 000000c00003f038
2025-07-22T15:49:50.438010+05:30 Ashutosh kernel: R13: 0000000000000000 R14: 000000c00069ec40 R15: 0000000000000000
2025-07-22T15:49:50.438011+05:30 Ashutosh kernel: FS:  00007650533fd640 GS:  0000000000000000
2025-07-22T15:49:50.438042+05:30 Ashutosh kernel: CPU: 6 PID: 0 Comm: swapper/6 Tainted: G             L     6.6.87.2-microsoft-standard-WSL2 #1
2025-07-22T15:49:50.438318+05:30 Ashutosh kernel: RIP: 0010:pv_native_safe_halt+0xf/0x20
2025-07-22T15:49:50.438327+05:30 Ashutosh kernel: Code: 0b 66 2e 0f 1f 84 00 00 00 00 00 90 90 90 90 90 90 90 90 90 90 90 90 90 90 90 90 f3 0f 1e fa eb 07 0f 00 2d 05 fd 38 00 fb f4 <c3> cc cc cc cc 66 2e 0f 1f 84 00 00 00 00 00 66 90 90 90 90 90 90
2025-07-22T15:49:50.438328+05:30 Ashutosh kernel: RSP: 0018:ffffa5ed000ebe98 EFLAGS: 00000206
2025-07-22T15:49:50.438328+05:30 Ashutosh kernel: RAX: 0000000000000006 RBX: 0000000000000006 RCX: 0000000000000001
2025-07-22T15:49:50.438329+05:30 Ashutosh kernel: RDX: 4000000000000000 RSI: ffffffff9e97d70e RDI: 00000000014442a4
2025-07-22T15:49:50.438330+05:30 Ashutosh kernel: RBP: ffffa5ed000ebea0 R08: 00000000000383ec R09: 010690674b9578cd
2025-07-22T15:49:50.438372+05:30 Ashutosh kernel: R10: 0000000000000000 R11: 0000000000000000 R12: ffff91d54075cf80
2025-07-22T15:49:50.438379+05:30 Ashutosh kernel: R13: 0000000000000000 R14: 0000000000000000 R15: 0000000000000000
2025-07-22T15:49:50.438380+05:30 Ashutosh kernel: FS:  0000000000000000(0000) GS:ffff91d631f80000(0000) knlGS:0000000000000000
2025-07-22T15:49:50.438381+05:30 Ashutosh kernel: CS:  0010 DS: 0000 ES: 0000 CR0: 0000000080050033
2025-07-22T15:49:50.438382+05:30 Ashutosh kernel: CR2: 00000000378c0cd0 CR3: 000000009e60e001 CR4: 0000000000370ee0
2025-07-22T15:49:50.438383+05:30 Ashutosh kernel: Call Trace:
2025-07-22T15:49:50.438398+05:30 Ashutosh kernel:  <TASK>
2025-07-22T15:49:50.438399+05:30 Ashutosh kernel:  ? default_idle+0xd/0x20
2025-07-22T15:49:50.438400+05:30 Ashutosh kernel:  arch_cpu_idle+0xd/0x20
2025-07-22T15:49:50.438401+05:30 Ashutosh kernel:  default_idle_call+0x2e/0xe0
2025-07-22T15:49:50.468159+05:30 Ashutosh kernel:  do_idle+0x205/0x250
2025-07-22T15:49:50.468187+05:30 Ashutosh kernel:  cpu_startup_entry+0x31/0x40
2025-07-22T15:49:50.468188+05:30 Ashutosh kernel:  start_secondary+0x119/0x140
2025-07-22T15:49:50.468190+05:30 Ashutosh kernel:  secondary_startup_64_no_verify+0x17d/0x18b
2025-07-22T15:49:50.468191+05:30 Ashutosh kernel:  </TASK>
2025-07-22T15:50:50.227424+05:30 Ashutosh kernel: mini_init (201): drop_caches: 1
2025-07-22T16:23:06.044501+05:30 Ashutosh kernel: mini_init (201): drop_caches: 1
2025-07-22T16:32:56.294574+05:30 Ashutosh kernel: mini_init (201): drop_caches: 1
2025-07-22T17:07:44.803938+05:30 Ashutosh kernel: systemd-timesyncd: systemd-timesyn: potentially unexpected fatal signal 6.
2025-07-22T17:07:44.803965+05:30 Ashutosh kernel: CPU: 3 PID: 7039 Comm: systemd-timesyn Tainted: G             L     6.6.87.2-microsoft-standard-WSL2 #1
2025-07-22T17:07:44.879461+05:30 Ashutosh kernel: RIP: 0033:0x7cc48532c15e
2025-07-22T17:07:44.879477+05:30 Ashutosh kernel: Code: 6c 0d 00 f7 d8 64 89 02 48 c7 c0 ff ff ff ff eb b7 66 2e 0f 1f 84 00 00 00 00 00 90 f3 0f 1e fa 49 89 ca b8 36 00 00 00 0f 05 <48> 3d 00 f0 ff ff 77 0a c3 66 0f 1f 84 00 00 00 00 00 48 8b 15 81
2025-07-22T17:07:44.879479+05:30 Ashutosh kernel: RSP: 002b:00007fff56845b28 EFLAGS: 00000246 ORIG_RAX: 0000000000000036
2025-07-22T17:07:44.879480+05:30 Ashutosh kernel: RAX: 0000000000000000 RBX: 00005dee251fda90 RCX: 00007cc48532c15e
2025-07-22T17:07:44.879482+05:30 Ashutosh kernel: RDX: 0000000000000023 RSI: 0000000000000001 RDI: 0000000000000011
2025-07-22T17:07:45.169449+05:30 Ashutosh kernel: RBP: 00007fff56845c20 R08: 0000000000000004 R09: 00000000fffffff7
2025-07-22T17:07:45.169480+05:30 Ashutosh kernel: R10: 00007fff56845b34 R11: 0000000000000246 R12: 00007fff56845b70
2025-07-22T17:07:45.169483+05:30 Ashutosh kernel: R13: 00007fff56845c48 R14: 00005dee251fdd00 R15: 00005dee25206440
2025-07-22T17:07:45.169484+05:30 Ashutosh kernel: FS:  00007cc48599b2c0 GS:  0000000000000000
2025-07-22T17:10:50.377364+05:30 Ashutosh kernel: mini_init (201): drop_caches: 1
2025-07-22T17:42:11.280460+05:30 Ashutosh kernel: mini_init (201): drop_caches: 1
2025-07-22T18:01:28.872736+05:30 Ashutosh kernel: mini_init (201): drop_caches: 1
2025-07-22T18:46:30.226900+05:30 Ashutosh kernel: mini_init (201): drop_caches: 1
2025-07-23T10:21:39.614492+05:30 Ashutosh kernel: systemd-journald: systemd-journal: potentially unexpected fatal signal 6.
2025-07-23T10:21:39.694038+05:30 Ashutosh kernel: CPU: 6 PID: 17526 Comm: systemd-journal Tainted: G             L     6.6.87.2-microsoft-standard-WSL2 #1
2025-07-23T10:21:39.703007+05:30 Ashutosh kernel: RIP: 0033:0x760c6a870d90
2025-07-23T10:21:39.703047+05:30 Ashutosh kernel: Code: 48 ff ff ff 31 d2 49 89 d8 44 89 e6 4c 8d 8d 40 ff ff ff 4c 89 ef e8 0f e7 ff ff 85 c0 78 5b 48 8b 85 40 ff ff ff 66 0f ef c0 <0f> 11 00 44 88 20 48 8b 95 48 ff ff ff 48 89 58 08 49 8b 85 d0 00
2025-07-23T10:21:39.721256+05:30 Ashutosh kernel: RSP: 002b:00007fffdcd5fba0 EFLAGS: 00010246
2025-07-23T10:21:39.721279+05:30 Ashutosh kernel: RAX: 0000760c68d58a70 RBX: 0000000000000070 RCX: 0000000003e43725
2025-07-23T10:21:39.721280+05:30 Ashutosh kernel: RDX: 00007fffdcd5fbc0 RSI: 0000000000000001 RDI: 00005727b4ca3fa0
2025-07-23T10:21:39.721282+05:30 Ashutosh kernel: RBP: 00007fffdcd5fc80 R08: 0000000000000070 R09: 00005727b4caa3b8
2025-07-23T10:21:39.729065+05:30 Ashutosh kernel: R10: 00007fffdcd89080 R11: 00007fffdcd89090 R12: 0000000000000001
2025-07-23T10:21:39.729098+05:30 Ashutosh kernel: R13: 00005727b4caa380 R14: 00007fffdcd5fcc0 R15: 000000413d743e5c
2025-07-23T10:21:39.729100+05:30 Ashutosh kernel: FS:  0000760c6a99f440 GS:  0000000000000000
2025-07-23T10:22:26.804818+05:30 Ashutosh kernel: watchdog: BUG: soft lockup - CPU#3 stuck for 44s! [init:26724]
2025-07-23T10:22:26.804872+05:30 Ashutosh kernel: watchdog: BUG: soft lockup - CPU#7 stuck for 46s! [systemd:229]
2025-07-23T10:22:26.804874+05:30 Ashutosh kernel: Modules linked in: tls
2025-07-23T10:22:26.804876+05:30 Ashutosh kernel: Modules linked in: tls intel_rapl_msr intel_rapl_common crc32c_intel battery ac
2025-07-23T10:22:26.804877+05:30 Ashutosh kernel:  intel_rapl_msr intel_rapl_common crc32c_intel battery ac sch_fq_codel configfs autofs4 br_netfilter bridge stp
2025-07-23T10:22:26.804879+05:30 Ashutosh kernel:  sch_fq_codel configfs autofs4 br_netfilter bridge stp llc ip_tables tun
2025-07-23T10:22:26.804880+05:30 Ashutosh kernel: CPU: 7 PID: 229 Comm: systemd Tainted: G             L     6.6.87.2-microsoft-standard-WSL2 #1
2025-07-23T10:22:26.804911+05:30 Ashutosh kernel:  llc ip_tables tun
2025-07-23T10:22:26.804913+05:30 Ashutosh kernel: CPU: 3 PID: 26724 Comm: init Tainted: G             L     6.6.87.2-microsoft-standard-WSL2 #1
2025-07-23T10:22:26.804914+05:30 Ashutosh kernel: RIP: 0010:find_inode+0x16/0xd0
2025-07-23T10:22:26.804915+05:30 Ashutosh kernel: Code: 0f 1f 40 00 90 90 90 90 90 90 90 90 90 90 90 90 90 90 90 90 0f 1f 44 00 00 55 48 89 e5 41 57 41 56 41 55 41 54 53 48 83 ec 08 <4c> 8b 26 48 89 75 d0 4d 85 e4 74 26 48 89 fb 49 89 d6 49 89 cd 49
2025-07-23T10:22:26.804916+05:30 Ashutosh kernel: RSP: 0018:ffffa5ed03127920 EFLAGS: 00010282
2025-07-23T10:22:26.804917+05:30 Ashutosh kernel: RAX: 0000000000000000 RBX: ffff91d540dd1c00 RCX: ffff91d540dd1c00
2025-07-23T10:22:26.804918+05:30 Ashutosh kernel: RDX: ffffffff9d707cf0 RSI: ffff91d6318fbbd0 RDI: ffff91d5412bd000
2025-07-23T10:22:26.806336+05:30 Ashutosh kernel: RBP: ffffa5ed03127950 R08: ffff91d540dd1c00 R09: 00003416cde036e0
2025-07-23T10:22:26.806379+05:30 Ashutosh kernel: R10: ffffa5ed03127958 R11: ffff91d54085424a R12: ffff91d5412bd000
2025-07-23T10:22:26.806380+05:30 Ashutosh kernel: R13: ffffffff9d707cf0 R14: ffff91d540dd1c00 R15: ffff91d6318fbbd0
2025-07-23T10:22:26.806381+05:30 Ashutosh kernel: FS:  000072f29434d180(0000) GS:ffff91d631ec0000(0000) knlGS:0000000000000000
2025-07-23T10:22:26.806382+05:30 Ashutosh kernel: CS:  0010 DS: 0000 ES: 0000 CR0: 0000000080050033
2025-07-23T10:22:26.806383+05:30 Ashutosh kernel: CR2: 00007fffe119101e CR3: 000000003a40c001 CR4: 0000000000370ee0
2025-07-23T10:22:26.806383+05:30 Ashutosh kernel: Call Trace:
2025-07-23T10:22:26.806385+05:30 Ashutosh kernel:  <TASK>
2025-07-23T10:22:26.806386+05:30 Ashutosh kernel: RIP: 0010:memset_orig+0x33/0xb0
2025-07-23T10:22:26.806386+05:30 Ashutosh kernel: Code: b6 ce 48 b8 01 01 01 01 01 01 01 01 48 0f af c1 41 89 f9 41 83 e1 07 75 70 48 89 d1 48 c1 e9 06 74 35 0f 1f 44 00 00 48 ff c9 <48> 89 07 48 89 47 08 48 89 47 10 48 89 47 18 48 89 47 20 48 89 47
2025-07-23T10:22:26.806387+05:30 Ashutosh kernel: RSP: 0018:ffffa5ed02d0fab8 EFLAGS: 00010202
2025-07-23T10:22:26.806389+05:30 Ashutosh kernel: RAX: 0000000000000000 RBX: ffff91d55dcbb000 RCX: 0000000000000001
2025-07-23T10:22:26.822306+05:30 Ashutosh kernel: RDX: 0000000000000090 RSI: 0000000000000000 RDI: ffff91d55dcbbe10
2025-07-23T10:22:26.822411+05:30 Ashutosh kernel: RBP: ffffa5ed02d0fb10 R08: 0000000000000000 R09: 0000000000000000
2025-07-23T10:22:26.822414+05:30 Ashutosh kernel: R10: ffff91d55dcbbe10 R11: 0000000000000048 R12: ffff91d54063bc00
2025-07-23T10:22:26.822416+05:30 Ashutosh kernel: R13: 0000000000000000 R14: 0000000000000dc0 R15: 0000000000000dc0
2025-07-23T10:22:26.822417+05:30 Ashutosh kernel: FS:  000072b599997940(0000) GS:ffff91d631fc0000(0000) knlGS:0000000000000000
2025-07-23T10:22:26.822418+05:30 Ashutosh kernel: CS:  0010 DS: 0000 ES: 0000 CR0: 0000000080050033
2025-07-23T10:22:26.822707+05:30 Ashutosh kernel: CR2: 00006268e1541390 CR3: 0000000053d06004 CR4: 0000000000370ee0
2025-07-23T10:22:26.822739+05:30 Ashutosh kernel: Call Trace:
2025-07-23T10:22:26.822741+05:30 Ashutosh kernel:  <TASK>
2025-07-23T10:22:26.822744+05:30 Ashutosh kernel:  ? kmem_cache_alloc+0x1b7/0x2d0
2025-07-23T10:22:26.822745+05:30 Ashutosh kernel:  ? kstrdup+0x51/0x70
2025-07-23T10:22:26.822748+05:30 Ashutosh kernel:  ? __pfx_v9fs_test_new_inode_dotl+0x10/0x10
2025-07-23T10:22:26.837943+05:30 Ashutosh kernel:  ilookup5_nowait+0x77/0xb0
2025-07-23T10:22:26.837971+05:30 Ashutosh kernel:  ? __pfx_v9fs_test_new_inode_dotl+0x10/0x10
2025-07-23T10:22:26.837972+05:30 Ashutosh kernel:  ilookup5+0x37/0xb0
2025-07-23T10:22:26.837973+05:30 Ashutosh kernel:  ? __pfx_v9fs_test_new_inode_dotl+0x10/0x10
2025-07-23T10:22:26.837974+05:30 Ashutosh kernel:  iget5_locked+0x32/0xa0
2025-07-23T10:22:26.837974+05:30 Ashutosh kernel:  ? __pfx_v9fs_set_inode_dotl+0x10/0x10
2025-07-23T10:22:26.837975+05:30 Ashutosh kernel:  v9fs_inode_from_fid_dotl+0x82/0x150
2025-07-23T10:22:26.837996+05:30 Ashutosh kernel:  ? __pfx_v9fs_test_new_inode_dotl+0x10/0x10
2025-07-23T10:22:26.837997+05:30 Ashutosh kernel:  v9fs_vfs_lookup.part.0+0xdc/0x200
2025-07-23T10:22:26.837998+05:30 Ashutosh kernel:  v9fs_vfs_lookup+0x27/0x30
2025-07-23T10:22:26.837999+05:30 Ashutosh kernel:  __kernfs_new_node+0x69/0x210
2025-07-23T10:22:26.837999+05:30 Ashutosh kernel:  __lookup_slow+0x81/0x130
2025-07-23T10:22:26.838000+05:30 Ashutosh kernel:  walk_component+0x113/0x180
2025-07-23T10:22:26.838010+05:30 Ashutosh kernel:  path_lookupat+0x6e/0x1c0
2025-07-23T10:22:26.838012+05:30 Ashutosh kernel:  filename_lookup+0xd3/0x1e0
2025-07-23T10:22:26.838013+05:30 Ashutosh kernel:  ? cpumask_weight.constprop.0+0x16/0x20
2025-07-23T10:22:26.838014+05:30 Ashutosh kernel:  ? pcpu_alloc+0x456/0x810
2025-07-23T10:22:26.838016+05:30 Ashutosh kernel:  kernfs_new_node+0x5a/0x80
2025-07-23T10:22:26.838016+05:30 Ashutosh kernel:  kernfs_create_dir_ns+0x30/0x90
2025-07-23T10:22:26.838017+05:30 Ashutosh kernel:  ? strncpy_from_user+0x52/0x140
2025-07-23T10:22:26.838028+05:30 Ashutosh kernel:  ? getname_flags.part.0+0x4c/0x1b0
2025-07-23T10:22:26.838029+05:30 Ashutosh kernel:  user_path_at_empty+0x43/0x60
2025-07-23T10:22:26.838030+05:30 Ashutosh kernel:  do_readlinkat+0x5d/0x130
2025-07-23T10:22:26.838031+05:30 Ashutosh kernel:  cgroup_mkdir+0x1b1/0x490
2025-07-23T10:22:26.838032+05:30 Ashutosh kernel:  kernfs_iop_mkdir+0x5d/0x90
2025-07-23T10:22:26.838032+05:30 Ashutosh kernel:  vfs_mkdir+0x196/0x260
2025-07-23T10:22:26.838042+05:30 Ashutosh kernel:  do_mkdirat+0x12c/0x160
2025-07-23T10:22:26.838043+05:30 Ashutosh kernel:  __x64_sys_mkdir+0x50/0x80
2025-07-23T10:22:26.838044+05:30 Ashutosh kernel:  ? __mod_lruvec_state+0x3b/0x50
2025-07-23T10:22:26.838045+05:30 Ashutosh kernel:  __x64_sys_readlink+0x22/0x30
2025-07-23T10:22:26.838046+05:30 Ashutosh kernel:  x64_sys_call+0x1f2b/0x2020
2025-07-23T10:22:26.838046+05:30 Ashutosh kernel:  x64_sys_call+0x4c8/0x2020
2025-07-23T10:22:26.838324+05:30 Ashutosh kernel:  do_syscall_64+0x5a/0xb0
2025-07-23T10:22:26.838337+05:30 Ashutosh kernel:  do_syscall_64+0x5a/0xb0
2025-07-23T10:22:26.838793+05:30 Ashutosh kernel:  ? set_ptes.constprop.0+0x2b/0x90
2025-07-23T10:22:26.838802+05:30 Ashutosh kernel:  ? _raw_spin_unlock+0x1d/0x40
2025-07-23T10:22:26.838804+05:30 Ashutosh kernel:  ? do_anonymous_page+0x2c2/0x420
2025-07-23T10:22:26.838804+05:30 Ashutosh kernel:  ? scheduler_tick+0x123/0x2c0
2025-07-23T10:22:26.838805+05:30 Ashutosh kernel:  ? __this_cpu_preempt_check+0x17/0x20
2025-07-23T10:22:26.838839+05:30 Ashutosh kernel:  ? profile_tick+0x20/0x90
2025-07-23T10:22:26.838841+05:30 Ashutosh kernel:  ? __handle_mm_fault+0x818/0x840
2025-07-23T10:22:26.838842+05:30 Ashutosh kernel:  ? __this_cpu_preempt_check+0x17/0x20
2025-07-23T10:22:26.838842+05:30 Ashutosh kernel:  ? __count_memcg_events+0x7a/0xd0
2025-07-23T10:22:26.838843+05:30 Ashutosh kernel:  ? count_memcg_events.constprop.0+0x1e/0x40
2025-07-23T10:22:26.838844+05:30 Ashutosh kernel:  ? debug_smp_processor_id+0x1b/0x30
2025-07-23T10:22:26.848223+05:30 Ashutosh kernel:  ? exit_to_user_mode_prepare+0x1f/0x140
2025-07-23T10:22:26.848252+05:30 Ashutosh kernel:  ? irqentry_exit_to_user_mode+0x12/0x20
2025-07-23T10:22:26.848254+05:30 Ashutosh kernel:  ? irqentry_exit+0x3f/0x50
2025-07-23T10:22:26.848254+05:30 Ashutosh kernel:  ? exc_page_fault+0x84/0x160
2025-07-23T10:22:26.848255+05:30 Ashutosh kernel:  entry_SYSCALL_64_after_hwframe+0x78/0xe2
2025-07-23T10:22:26.848256+05:30 Ashutosh kernel: RIP: 0033:0x3b2d42
2025-07-23T10:22:26.848256+05:30 Ashutosh kernel: Code: cc cc cc cc cc cc cc cc 50 48 83 fa 01 48 89 d1 48 83 d1 00 48 85 d2 4c 8d 44 24 07 49 0f 44 f0 b8 59 00 00 00 48 89 ca 0f 05 <9b> 89 c1 c1 f9 1f 21 c1 4c 39 c6 0f 45 c8 48 63 f9 e8 c8 4e fe ff
2025-07-23T10:22:26.848501+05:30 Ashutosh kernel: RSP: 002b:00007fffe1190000 EFLAGS: 00000206 ORIG_RAX: 0000000000000059
2025-07-23T10:22:26.848505+05:30 Ashutosh kernel: RAX: ffffffffffffffda RBX: 0000000000000014 RCX: 00000000003b2d42
2025-07-23T10:22:26.848506+05:30 Ashutosh kernel: RDX: 0000000000000ff6 RSI: 00007fffe1190040 RDI: 00007fffe1191050
2025-07-23T10:22:26.848507+05:30 Ashutosh kernel: RBP: 0000000000000003 R08: 00007fffe1190007 R09: 00ff000306ff0301
2025-07-23T10:22:26.848508+05:30 Ashutosh kernel: R10: 0002ff0007000100 R11: 0000000000000206 R12: 00007fffe1191001
2025-07-23T10:22:26.848509+05:30 Ashutosh kernel: R13: 0000000000000ff2 R14: 000000000000002f R15: 0000000000000ff6
2025-07-23T10:22:26.848540+05:30 Ashutosh kernel:  </TASK>
2025-07-23T10:22:26.848541+05:30 Ashutosh kernel:  ? __pfx_tick_sched_timer+0x10/0x10
2025-07-23T10:22:26.848542+05:30 Ashutosh kernel:  ? tick_sched_handle+0x32/0x70
2025-07-23T10:22:26.848543+05:30 Ashutosh kernel:  ? __pfx_tick_sched_timer+0x10/0x10
2025-07-23T10:22:26.855692+05:30 Ashutosh kernel:  ? hv_set_non_nested_register+0x3e/0x90
2025-07-23T10:22:26.855720+05:30 Ashutosh kernel:  ? hv_set_register+0x38/0x50
2025-07-23T10:22:26.855721+05:30 Ashutosh kernel:  ? hv_ce_set_next_event+0x2b/0x40
2025-07-23T10:22:26.855722+05:30 Ashutosh kernel:  ? clockevents_program_event+0x99/0x100
2025-07-23T10:22:26.855981+05:30 Ashutosh kernel:  ? tick_program_event+0x51/0xa0
2025-07-23T10:22:26.855998+05:30 Ashutosh kernel:  ? hrtimer_interrupt+0x13f/0x240
2025-07-23T10:22:26.855999+05:30 Ashutosh kernel:  ? debug_smp_processor_id+0x1b/0x30
2025-07-23T10:22:26.856000+05:30 Ashutosh kernel:  ? exit_to_user_mode_prepare+0x1f/0x140
2025-07-23T10:22:26.856001+05:30 Ashutosh kernel:  ? irqentry_exit_to_user_mode+0x12/0x20
2025-07-23T10:22:26.856003+05:30 Ashutosh kernel:  ? irqentry_exit+0x3f/0x50
2025-07-23T10:22:26.856003+05:30 Ashutosh kernel:  ? sysvec_hyperv_stimer0+0x6a/0xd0
2025-07-23T10:22:26.856023+05:30 Ashutosh kernel:  entry_SYSCALL_64_after_hwframe+0x78/0xe2
2025-07-23T10:22:26.856025+05:30 Ashutosh kernel: RIP: 0033:0x72b59931b02b
2025-07-23T10:22:26.856026+05:30 Ashutosh kernel: Code: 0f 1e fa 48 89 f2 b9 00 01 00 00 48 89 fe bf 9c ff ff ff e9 97 c3 ff ff 0f 1f 80 00 00 00 00 f3 0f 1e fa b8 53 00 00 00 0f 05 <48> 3d 00 f0 ff ff 77 05 c3 0f 1f 40 00 48 8b 15 b9 7d 0e 00 f7 d8
2025-07-23T10:22:26.856027+05:30 Ashutosh kernel: RSP: 002b:00007fff9c931c18 EFLAGS: 00000246 ORIG_RAX: 0000000000000053
2025-07-23T10:22:26.856028+05:30 Ashutosh kernel: RAX: ffffffffffffffda RBX: 0000000000000000 RCX: 000072b59931b02b
2025-07-23T10:22:26.856029+05:30 Ashutosh kernel: RDX: 0000000000000000 RSI: 00000000000001ed RDI: 00006268e1587f10
2025-07-23T10:22:26.856039+05:30 Ashutosh kernel: RBP: 00007fff9c931c50 R08: 00000000ffffff9c R09: 00007fff9c931aa0
2025-07-23T10:22:26.856040+05:30 Ashutosh kernel: R10: 0000000000000000 R11: 0000000000000246 R12: 000072b5998b3d62
2025-07-23T10:22:26.856041+05:30 Ashutosh kernel: R13: 00006268e159ca40 R14: 0000000000000002 R15: 0000000000000000
2025-07-23T10:22:26.856042+05:30 Ashutosh kernel:  </TASK>
2025-07-23T10:24:00.273549+05:30 Ashutosh kernel: mini_init (201): drop_caches: 1
2025-07-25T10:44:03.365328+05:30 Ashutosh kernel: Linux version 6.6.87.2-microsoft-standard-WSL2 (root@439a258ad544) (gcc (GCC) 11.2.0, GNU ld (GNU Binutils) 2.37) #1 SMP PREEMPT_DYNAMIC Thu Jun  5 18:30:46 UTC 2025
2025-07-25T10:44:03.365337+05:30 Ashutosh kernel: Command line: initrd=\initrd.img WSL_ROOT_INIT=1 panic=-1 nr_cpus=8 hv_utils.timesync_implicit=1 console=hvc0 debug pty.legacy_count=0 WSL_ENABLE_CRASH_DUMP=1
2025-07-25T10:44:03.365339+05:30 Ashutosh kernel: KERNEL supported cpus:
2025-07-25T10:44:03.365342+05:30 Ashutosh kernel:   Intel GenuineIntel
2025-07-25T10:44:03.365343+05:30 Ashutosh kernel:   AMD AuthenticAMD
2025-07-25T10:44:03.365343+05:30 Ashutosh kernel: BIOS-provided physical RAM map:
2025-07-25T10:44:03.365344+05:30 Ashutosh kernel: BIOS-e820: [mem 0x0000000000000000-0x000000000009ffff] usable
2025-07-25T10:44:03.365348+05:30 Ashutosh kernel: BIOS-e820: [mem 0x00000000000e0000-0x00000000000e0fff] reserved
2025-07-25T10:44:03.365350+05:30 Ashutosh kernel: BIOS-e820: [mem 0x0000000000100000-0x00000000001fffff] ACPI data
2025-07-25T10:44:03.365351+05:30 Ashutosh kernel: BIOS-e820: [mem 0x0000000000200000-0x00000000f5ffffff] usable
2025-07-25T10:44:03.365351+05:30 Ashutosh kernel: NX (Execute Disable) protection: active
2025-07-25T10:44:03.365354+05:30 Ashutosh kernel: APIC: Static calls initialized
2025-07-25T10:44:03.365355+05:30 Ashutosh kernel: DMI not present or invalid.
2025-07-25T10:44:03.365356+05:30 Ashutosh kernel: Hypervisor detected: Microsoft Hyper-V
2025-07-25T10:44:03.365360+05:30 Ashutosh kernel: Hyper-V: privilege flags low 0xae7f, high 0x3b8030, hints 0x20e24, misc 0x20bed7b2
2025-07-25T10:44:03.365362+05:30 Ashutosh kernel: Hyper-V: Nested features: 0x0
2025-07-25T10:44:03.365363+05:30 Ashutosh kernel: Hyper-V: LAPIC Timer Frequency: 0xc3500
2025-07-25T10:44:03.365365+05:30 Ashutosh kernel: Hyper-V: Using hypercall for remote TLB flush
2025-07-25T10:44:03.365365+05:30 Ashutosh kernel: clocksource: hyperv_clocksource_tsc_page: mask: 0xffffffffffffffff max_cycles: 0x24e6a1710, max_idle_ns: 440795202120 ns
2025-07-25T10:44:03.365366+05:30 Ashutosh kernel: clocksource: hyperv_clocksource_msr: mask: 0xffffffffffffffff max_cycles: 0x24e6a1710, max_idle_ns: 440795202120 ns
2025-07-25T10:44:03.365372+05:30 Ashutosh kernel: tsc: Marking TSC unstable due to running on Hyper-V
2025-07-25T10:44:03.365375+05:30 Ashutosh kernel: tsc: Detected 2495.999 MHz processor
2025-07-25T10:44:03.365375+05:30 Ashutosh kernel: e820: update [mem 0x00000000-0x00000fff] usable ==> reserved
2025-07-25T10:44:03.365376+05:30 Ashutosh kernel: e820: remove [mem 0x000a0000-0x000fffff] usable
2025-07-25T10:44:03.365376+05:30 Ashutosh kernel: last_pfn = 0xf6000 max_arch_pfn = 0x400000000
2025-07-25T10:44:03.365377+05:30 Ashutosh kernel: MTRR map: 5 entries (4 fixed + 1 variable; max 20), built from 8 variable MTRRs
2025-07-25T10:44:03.365381+05:30 Ashutosh kernel: x86/PAT: Configuration [0-7]: WB  WC  UC- UC  WB  WP  UC- WT  
2025-07-25T10:44:03.365383+05:30 Ashutosh kernel: Using GB pages for direct mapping
2025-07-25T10:44:03.365384+05:30 Ashutosh kernel: RAMDISK: [mem 0x04be4000-0x04e7dfff]
2025-07-25T10:44:03.365385+05:30 Ashutosh kernel: ACPI: Early table checksum verification disabled
2025-07-25T10:44:03.365387+05:30 Ashutosh kernel: ACPI: RSDP 0x00000000000E0000 000024 (v02 VRTUAL)
2025-07-25T10:44:03.365388+05:30 Ashutosh kernel: ACPI: XSDT 0x0000000000100000 000044 (v01 VRTUAL MICROSFT 00000001 MSFT 00000001)
2025-07-25T10:44:03.365392+05:30 Ashutosh kernel: ACPI: FACP 0x0000000000101000 000114 (v06 VRTUAL MICROSFT 00000001 MSFT 00000001)
2025-07-25T10:44:03.365395+05:30 Ashutosh kernel: ACPI: DSDT 0x00000000001011B8 01E184 (v02 MSFTVM DSDT01   00000001 MSFT 05000000)
2025-07-25T10:44:03.365395+05:30 Ashutosh kernel: ACPI: FACS 0x0000000000101114 000040
2025-07-25T10:44:03.365398+05:30 Ashutosh kernel: ACPI: OEM0 0x0000000000101154 000064 (v01 VRTUAL MICROSFT 00000001 MSFT 00000001)
2025-07-25T10:44:03.365399+05:30 Ashutosh kernel: ACPI: SRAT 0x000000000011F33C 000290 (v02 VRTUAL MICROSFT 00000001 MSFT 00000001)
2025-07-25T10:44:03.365399+05:30 Ashutosh kernel: ACPI: APIC 0x000000000011F5CC 000088 (v04 VRTUAL MICROSFT 00000001 MSFT 00000001)
2025-07-25T10:44:03.365400+05:30 Ashutosh kernel: ACPI: Reserving FACP table memory at [mem 0x101000-0x101113]
2025-07-25T10:44:03.365404+05:30 Ashutosh kernel: ACPI: Reserving DSDT table memory at [mem 0x1011b8-0x11f33b]
2025-07-25T10:44:03.365407+05:30 Ashutosh kernel: ACPI: Reserving FACS table memory at [mem 0x101114-0x101153]
2025-07-25T10:44:03.365408+05:30 Ashutosh kernel: ACPI: Reserving OEM0 table memory at [mem 0x101154-0x1011b7]
2025-07-25T10:44:03.365409+05:30 Ashutosh kernel: ACPI: Reserving SRAT table memory at [mem 0x11f33c-0x11f5cb]
2025-07-25T10:44:03.365409+05:30 Ashutosh kernel: ACPI: Reserving APIC table memory at [mem 0x11f5cc-0x11f653]
2025-07-25T10:44:03.365410+05:30 Ashutosh kernel: SRAT: PXM 0 -> APIC 0x00 -> Node 0
2025-07-25T10:44:03.365414+05:30 Ashutosh kernel: SRAT: PXM 0 -> APIC 0x01 -> Node 0
2025-07-25T10:44:03.365416+05:30 Ashutosh kernel: SRAT: PXM 0 -> APIC 0x02 -> Node 0
2025-07-25T10:44:03.365417+05:30 Ashutosh kernel: SRAT: PXM 0 -> APIC 0x03 -> Node 0
2025-07-25T10:44:03.365417+05:30 Ashutosh kernel: SRAT: PXM 0 -> APIC 0x04 -> Node 0
2025-07-25T10:44:03.365418+05:30 Ashutosh kernel: SRAT: PXM 0 -> APIC 0x05 -> Node 0
2025-07-25T10:44:03.365428+05:30 Ashutosh kernel: SRAT: PXM 0 -> APIC 0x06 -> Node 0
2025-07-25T10:44:03.365429+05:30 Ashutosh kernel: SRAT: PXM 0 -> APIC 0x07 -> Node 0
2025-07-25T10:44:03.365435+05:30 Ashutosh kernel: ACPI: SRAT: Node 0 PXM 0 [mem 0x00000000-0xf5ffffff] hotplug
2025-07-25T10:44:03.365438+05:30 Ashutosh kernel: ACPI: SRAT: Node 0 PXM 0 [mem 0xf6000000-0xf7ffffff] hotplug
2025-07-25T10:44:03.365439+05:30 Ashutosh kernel: ACPI: SRAT: Node 0 PXM 0 [mem 0x100000000-0x9ffdfffff] hotplug
2025-07-25T10:44:03.365440+05:30 Ashutosh kernel: ACPI: SRAT: Node 0 PXM 0 [mem 0x1000000000-0xffffffffff] hotplug
2025-07-25T10:44:03.365441+05:30 Ashutosh kernel: ACPI: SRAT: Node 0 PXM 0 [mem 0x10000000000-0x1ffffffffff] hotplug
2025-07-25T10:44:03.365443+05:30 Ashutosh kernel: ACPI: SRAT: Node 0 PXM 0 [mem 0x20000000000-0x3ffffffffff] hotplug
2025-07-25T10:44:03.365448+05:30 Ashutosh kernel: ACPI: SRAT: Node 0 PXM 0 [mem 0x40000000000-0x7ffffffffff] hotplug
2025-07-25T10:44:03.365450+05:30 Ashutosh kernel: ACPI: SRAT: Node 0 PXM 0 [mem 0x80000000000-0xfffffffffff] hotplug
2025-07-25T10:44:03.365451+05:30 Ashutosh kernel: ACPI: SRAT: Node 0 PXM 0 [mem 0x100000000000-0x1fffffffffff] hotplug
2025-07-25T10:44:03.365451+05:30 Ashutosh kernel: ACPI: SRAT: Node 0 PXM 0 [mem 0x200000000000-0x3fffffffffff] hotplug
2025-07-25T10:44:03.365452+05:30 Ashutosh kernel: ACPI: SRAT: Node 0 PXM 0 [mem 0x400000000000-0x7fffffffffff] hotplug
2025-07-25T10:44:03.365452+05:30 Ashutosh kernel: ACPI: SRAT: Node 0 PXM 0 [mem 0x800000000000-0xffffffffffff] hotplug
2025-07-25T10:44:03.365528+05:30 Ashutosh kernel: NODE_DATA(0) allocated [mem 0xf5fde000-0xf5ffffff]
2025-07-25T10:44:03.365536+05:30 Ashutosh kernel: Zone ranges:
2025-07-25T10:44:03.365537+05:30 Ashutosh kernel:   DMA32    [mem 0x0000000000001000-0x00000000f5ffffff]
2025-07-25T10:44:03.365538+05:30 Ashutosh kernel:   Normal   empty
2025-07-25T10:44:03.365556+05:30 Ashutosh kernel:   Device   empty
2025-07-25T10:44:03.365557+05:30 Ashutosh kernel: Movable zone start for each node
2025-07-25T10:44:03.365558+05:30 Ashutosh kernel: Early memory node ranges
2025-07-25T10:44:03.365563+05:30 Ashutosh kernel:   node   0: [mem 0x0000000000001000-0x000000000009ffff]
2025-07-25T10:44:03.365565+05:30 Ashutosh kernel:   node   0: [mem 0x0000000000200000-0x00000000f5ffffff]
2025-07-25T10:44:03.365568+05:30 Ashutosh kernel: Initmem setup node 0 [mem 0x0000000000001000-0x00000000f5ffffff]
2025-07-25T10:44:03.365569+05:30 Ashutosh kernel: On node 0, zone DMA32: 1 pages in unavailable ranges
2025-07-25T10:44:03.365569+05:30 Ashutosh kernel: On node 0, zone DMA32: 352 pages in unavailable ranges
2025-07-25T10:44:03.365570+05:30 Ashutosh kernel: On node 0, zone DMA32: 8192 pages in unavailable ranges
2025-07-25T10:44:03.365575+05:30 Ashutosh kernel: ACPI: PM-Timer IO Port: 0x408
2025-07-25T10:44:03.365577+05:30 Ashutosh kernel: ACPI: LAPIC_NMI (acpi_id[0x01] dfl dfl lint[0x1])
2025-07-25T10:44:03.365579+05:30 Ashutosh kernel: IOAPIC[0]: apic_id 8, version 17, address 0xfec00000, GSI 0-23
2025-07-25T10:44:03.365589+05:30 Ashutosh kernel: ACPI: INT_SRC_OVR (bus 0 bus_irq 9 global_irq 9 high level)
2025-07-25T10:44:03.365590+05:30 Ashutosh kernel: ACPI: Using ACPI (MADT) for SMP configuration information
2025-07-25T10:44:03.365591+05:30 Ashutosh kernel: smpboot: Allowing 8 CPUs, 0 hotplug CPUs
2025-07-25T10:44:03.365592+05:30 Ashutosh kernel: PM: hibernation: Registered nosave memory: [mem 0x00000000-0x00000fff]
2025-07-25T10:44:03.365596+05:30 Ashutosh kernel: PM: hibernation: Registered nosave memory: [mem 0x000a0000-0x000dffff]
2025-07-25T10:44:03.365598+05:30 Ashutosh kernel: PM: hibernation: Registered nosave memory: [mem 0x000e0000-0x000e0fff]
2025-07-25T10:44:03.365599+05:30 Ashutosh kernel: PM: hibernation: Registered nosave memory: [mem 0x000e1000-0x000fffff]
2025-07-25T10:44:03.365600+05:30 Ashutosh kernel: PM: hibernation: Registered nosave memory: [mem 0x00100000-0x001fffff]
2025-07-25T10:44:03.365600+05:30 Ashutosh kernel: [mem 0xf6000000-0xffffffff] available for PCI devices
2025-07-25T10:44:03.365601+05:30 Ashutosh kernel: Booting paravirtualized kernel on Hyper-V
2025-07-25T10:44:03.365605+05:30 Ashutosh kernel: clocksource: refined-jiffies: mask: 0xffffffff max_cycles: 0xffffffff, max_idle_ns: 7645519600211568 ns
2025-07-25T10:44:03.365617+05:30 Ashutosh kernel: setup_percpu: NR_CPUS:8192 nr_cpumask_bits:8 nr_cpu_ids:8 nr_node_ids:1
2025-07-25T10:44:03.365618+05:30 Ashutosh kernel: percpu: Embedded 63 pages/cpu s221184 r8192 d28672 u262144
2025-07-25T10:44:03.365618+05:30 Ashutosh kernel: pcpu-alloc: s221184 r8192 d28672 u262144 alloc=1*2097152
2025-07-25T10:44:03.365619+05:30 Ashutosh kernel: pcpu-alloc: [0] 0 1 2 3 4 5 6 7 
2025-07-25T10:44:03.365620+05:30 Ashutosh kernel: Hyper-V: PV spinlocks enabled
2025-07-25T10:44:03.365624+05:30 Ashutosh kernel: PV qspinlock hash table entries: 256 (order: 0, 4096 bytes, linear)
2025-07-25T10:44:03.365626+05:30 Ashutosh kernel: Kernel command line: initrd=\initrd.img WSL_ROOT_INIT=1 panic=-1 nr_cpus=8 hv_utils.timesync_implicit=1 console=hvc0 debug pty.legacy_count=0 WSL_ENABLE_CRASH_DUMP=1
2025-07-25T10:44:03.365627+05:30 Ashutosh kernel: Unknown kernel command line parameters "WSL_ROOT_INIT=1 WSL_ENABLE_CRASH_DUMP=1", will be passed to user space.
2025-07-25T10:44:03.365628+05:30 Ashutosh kernel: random: crng init done
2025-07-25T10:44:03.365628+05:30 Ashutosh kernel: Dentry cache hash table entries: 524288 (order: 10, 4194304 bytes, linear)
2025-07-25T10:44:03.365629+05:30 Ashutosh kernel: Inode-cache hash table entries: 262144 (order: 9, 2097152 bytes, linear)
2025-07-25T10:44:03.365633+05:30 Ashutosh kernel: Fallback order for Node 0: 0 
2025-07-25T10:44:03.365635+05:30 Ashutosh kernel: Built 1 zonelists, mobility grouping on.  Total pages: 991360
2025-07-25T10:44:03.365636+05:30 Ashutosh kernel: Policy zone: DMA32
2025-07-25T10:44:03.365636+05:30 Ashutosh kernel: mem auto-init: stack:off, heap alloc:on, heap free:off
2025-07-25T10:44:03.365637+05:30 Ashutosh kernel: software IO TLB: area num 8.
2025-07-25T10:44:03.365680+05:30 Ashutosh kernel: Memory: 257172K/4029052K available (20480K kernel code, 3457K rwdata, 13496K rodata, 4492K init, 6208K bss, 190708K reserved, 0K cma-reserved)
2025-07-25T10:44:03.365687+05:30 Ashutosh kernel: SLUB: HWalign=64, Order=0-3, MinObjects=0, CPUs=8, Nodes=1
2025-07-25T10:44:03.365689+05:30 Ashutosh kernel: ftrace: allocating 55808 entries in 218 pages
2025-07-25T10:44:03.365689+05:30 Ashutosh kernel: ftrace: allocated 218 pages with 5 groups
2025-07-25T10:44:03.365690+05:30 Ashutosh kernel: Dynamic Preempt: none
2025-07-25T10:44:03.365691+05:30 Ashutosh kernel: rcu: Preemptible hierarchical RCU implementation.
2025-07-25T10:44:03.365691+05:30 Ashutosh kernel: rcu: 	RCU restricting CPUs from NR_CPUS=8192 to nr_cpu_ids=8.
2025-07-25T10:44:03.365692+05:30 Ashutosh kernel: 	Trampoline variant of Tasks RCU enabled.
2025-07-25T10:44:03.365697+05:30 Ashutosh kernel: 	Rude variant of Tasks RCU enabled.
2025-07-25T10:44:03.365700+05:30 Ashutosh kernel: 	Tracing variant of Tasks RCU enabled.
2025-07-25T10:44:03.365700+05:30 Ashutosh kernel: rcu: RCU calculated value of scheduler-enlistment delay is 25 jiffies.
2025-07-25T10:44:03.365701+05:30 Ashutosh kernel: rcu: Adjusting geometry for rcu_fanout_leaf=16, nr_cpu_ids=8
2025-07-25T10:44:03.365702+05:30 Ashutosh kernel: Using NULL legacy PIC
2025-07-25T10:44:03.365702+05:30 Ashutosh kernel: NR_IRQS: 524544, nr_irqs: 488, preallocated irqs: 0
2025-07-25T10:44:03.365707+05:30 Ashutosh kernel: rcu: srcu_init: Setting srcu_struct sizes based on contention.
2025-07-25T10:44:03.365709+05:30 Ashutosh kernel: Console: colour dummy device 80x25
2025-07-25T10:44:03.365710+05:30 Ashutosh kernel: ACPI: Core revision 20230628
2025-07-25T10:44:03.365711+05:30 Ashutosh kernel: Failed to register legacy timer interrupt
2025-07-25T10:44:03.365711+05:30 Ashutosh kernel: APIC: Switch to symmetric I/O mode setup
2025-07-25T10:44:03.365712+05:30 Ashutosh kernel: Hyper-V: Host Build 10.0.19041.6093-6-0
2025-07-25T10:44:03.365716+05:30 Ashutosh kernel: Hyper-V: enabling crash_kexec_post_notifiers
2025-07-25T10:44:03.365718+05:30 Ashutosh kernel: Hyper-V: Using IPI hypercalls
2025-07-25T10:44:03.365718+05:30 Ashutosh kernel: APIC: send_IPI() replaced with hv_send_ipi()
2025-07-25T10:44:03.365719+05:30 Ashutosh kernel: APIC: send_IPI_mask() replaced with hv_send_ipi_mask()
2025-07-25T10:44:03.365720+05:30 Ashutosh kernel: APIC: send_IPI_mask_allbutself() replaced with hv_send_ipi_mask_allbutself()
2025-07-25T10:44:03.365720+05:30 Ashutosh kernel: APIC: send_IPI_allbutself() replaced with hv_send_ipi_allbutself()
2025-07-25T10:44:03.365721+05:30 Ashutosh kernel: APIC: send_IPI_all() replaced with hv_send_ipi_all()
2025-07-25T10:44:03.365726+05:30 Ashutosh kernel: APIC: send_IPI_self() replaced with hv_send_ipi_self()
2025-07-25T10:44:03.365728+05:30 Ashutosh kernel: Calibrating delay loop (skipped), value calculated using timer frequency.. 4991.99 BogoMIPS (lpj=9983996)
2025-07-25T10:44:03.365729+05:30 Ashutosh kernel: x86/cpu: User Mode Instruction Prevention (UMIP) activated
2025-07-25T10:44:03.365731+05:30 Ashutosh kernel: Last level iTLB entries: 4KB 0, 2MB 0, 4MB 0
2025-07-25T10:44:03.365731+05:30 Ashutosh kernel: Last level dTLB entries: 4KB 0, 2MB 0, 4MB 0, 1GB 0
2025-07-25T10:44:03.365732+05:30 Ashutosh kernel: Spectre V1 : Mitigation: usercopy/swapgs barriers and __user pointer sanitization
2025-07-25T10:44:03.365736+05:30 Ashutosh kernel: Spectre V2 : Mitigation: Enhanced / Automatic IBRS
2025-07-25T10:44:03.365738+05:30 Ashutosh kernel: Spectre V2 : Spectre v2 / SpectreRSB mitigation: Filling RSB on context switch
2025-07-25T10:44:03.365739+05:30 Ashutosh kernel: Spectre V2 : Spectre v2 / PBRSB-eIBRS: Retire a single CALL on VMEXIT
2025-07-25T10:44:03.365749+05:30 Ashutosh kernel: RETBleed: Mitigation: Enhanced IBRS
2025-07-25T10:44:03.365750+05:30 Ashutosh kernel: Spectre V2 : mitigation: Enabling conditional Indirect Branch Prediction Barrier
2025-07-25T10:44:03.365751+05:30 Ashutosh kernel: Speculative Store Bypass: Mitigation: Speculative Store Bypass disabled via prctl
2025-07-25T10:44:03.365762+05:30 Ashutosh kernel: MMIO Stale Data: Unknown: No mitigations
2025-07-25T10:44:03.365764+05:30 Ashutosh kernel: Register File Data Sampling: Mitigation: Clear Register File
2025-07-25T10:44:03.365766+05:30 Ashutosh kernel: x86/fpu: Supporting XSAVE feature 0x001: 'x87 floating point registers'
2025-07-25T10:44:03.365767+05:30 Ashutosh kernel: x86/fpu: Supporting XSAVE feature 0x002: 'SSE registers'
2025-07-25T10:44:03.365768+05:30 Ashutosh kernel: x86/fpu: Supporting XSAVE feature 0x004: 'AVX registers'
2025-07-25T10:44:03.365768+05:30 Ashutosh kernel: x86/fpu: xstate_offset[2]:  576, xstate_sizes[2]:  256
2025-07-25T10:44:03.365769+05:30 Ashutosh kernel: x86/fpu: Enabled xstate features 0x7, context size is 832 bytes, using 'compacted' format.
2025-07-25T10:44:03.365773+05:30 Ashutosh kernel: Freeing SMP alternatives memory: 44K
2025-07-25T10:44:03.365775+05:30 Ashutosh kernel: pid_max: default: 32768 minimum: 301
2025-07-25T10:44:03.365776+05:30 Ashutosh kernel: LSM: initializing lsm=capability,landlock,yama,safesetid,selinux,integrity
2025-07-25T10:44:03.365777+05:30 Ashutosh kernel: landlock: Up and running.
2025-07-25T10:44:03.365777+05:30 Ashutosh kernel: Yama: becoming mindful.
2025-07-25T10:44:03.365785+05:30 Ashutosh kernel: SELinux:  Initializing.
2025-07-25T10:44:03.365789+05:30 Ashutosh kernel: Mount-cache hash table entries: 8192 (order: 4, 65536 bytes, linear)
2025-07-25T10:44:03.365792+05:30 Ashutosh kernel: Mountpoint-cache hash table entries: 8192 (order: 4, 65536 bytes, linear)
2025-07-25T10:44:03.365792+05:30 Ashutosh kernel: smpboot: CPU0: 13th Gen Intel(R) Core(TM) i3-1315U (family: 0x6, model: 0xba, stepping: 0x3)
2025-07-25T10:44:03.365793+05:30 Ashutosh kernel: RCU Tasks: Setting shift to 3 and lim to 1 rcu_task_cb_adjust=1 rcu_task_cpu_ids=8.
2025-07-25T10:44:03.365794+05:30 Ashutosh kernel: RCU Tasks Rude: Setting shift to 3 and lim to 1 rcu_task_cb_adjust=1 rcu_task_cpu_ids=8.
2025-07-25T10:44:03.365794+05:30 Ashutosh kernel: RCU Tasks Trace: Setting shift to 3 and lim to 1 rcu_task_cb_adjust=1 rcu_task_cpu_ids=8.
2025-07-25T10:44:03.365795+05:30 Ashutosh kernel: Performance Events: unsupported p6 CPU model 186 no PMU driver, software events only.
2025-07-25T10:44:03.365799+05:30 Ashutosh kernel: signal: max sigframe size: 1776
2025-07-25T10:44:03.365801+05:30 Ashutosh kernel: rcu: Hierarchical SRCU implementation.
2025-07-25T10:44:03.365803+05:30 Ashutosh kernel: rcu: 	Max phase no-delay instances is 1000.
2025-07-25T10:44:03.365804+05:30 Ashutosh kernel: NMI watchdog: Perf NMI watchdog permanently disabled
2025-07-25T10:44:03.365805+05:30 Ashutosh kernel: smp: Bringing up secondary CPUs ...
2025-07-25T10:44:03.365813+05:30 Ashutosh kernel: smpboot: x86: Booting SMP configuration:
2025-07-25T10:44:03.365818+05:30 Ashutosh kernel: .... node  #0, CPUs:      #2 #4 #6 #1 #3 #5 #7
2025-07-25T10:44:03.365820+05:30 Ashutosh kernel: smp: Brought up 1 node, 8 CPUs
2025-07-25T10:44:03.365828+05:30 Ashutosh kernel: smpboot: Max logical packages: 1
2025-07-25T10:44:03.365829+05:30 Ashutosh kernel: smpboot: Total of 8 processors activated (39935.98 BogoMIPS)
2025-07-25T10:44:03.365844+05:30 Ashutosh kernel: node 0 deferred pages initialised in 24ms
2025-07-25T10:44:03.365845+05:30 Ashutosh kernel: devtmpfs: initialized
2025-07-25T10:44:03.365851+05:30 Ashutosh kernel: x86/mm: Memory block size: 128MB
2025-07-25T10:44:03.365854+05:30 Ashutosh kernel: clocksource: jiffies: mask: 0xffffffff max_cycles: 0xffffffff, max_idle_ns: 7645041785100000 ns
2025-07-25T10:44:03.365854+05:30 Ashutosh kernel: futex hash table entries: 2048 (order: 5, 131072 bytes, linear)
2025-07-25T10:44:03.365855+05:30 Ashutosh kernel: pinctrl core: initialized pinctrl subsystem
2025-07-25T10:44:03.365855+05:30 Ashutosh kernel: NET: Registered PF_NETLINK/PF_ROUTE protocol family
2025-07-25T10:44:03.365856+05:30 Ashutosh kernel: DMA: preallocated 512 KiB GFP_KERNEL pool for atomic allocations
2025-07-25T10:44:03.365857+05:30 Ashutosh kernel: DMA: preallocated 512 KiB GFP_KERNEL|GFP_DMA32 pool for atomic allocations
2025-07-25T10:44:03.365861+05:30 Ashutosh kernel: audit: initializing netlink subsys (disabled)
2025-07-25T10:44:03.365863+05:30 Ashutosh kernel: audit: type=2000 audit(1753420439.032:1): state=initialized audit_enabled=0 res=1
2025-07-25T10:44:03.365864+05:30 Ashutosh kernel: thermal_sys: Registered thermal governor 'step_wise'
2025-07-25T10:44:03.365864+05:30 Ashutosh kernel: thermal_sys: Registered thermal governor 'user_space'
2025-07-25T10:44:03.365865+05:30 Ashutosh kernel: cpuidle: using governor ladder
2025-07-25T10:44:03.365865+05:30 Ashutosh kernel: cpuidle: using governor menu
2025-07-25T10:44:03.365870+05:30 Ashutosh kernel: acpiphp: ACPI Hot Plug PCI Controller Driver version: 0.5
2025-07-25T10:44:03.365872+05:30 Ashutosh kernel: dca service started, version 1.12.1
2025-07-25T10:44:03.365873+05:30 Ashutosh kernel: PCI: Fatal: No config space access function found
2025-07-25T10:44:03.365874+05:30 Ashutosh kernel: kprobes: kprobe jump-optimization is enabled. All kprobes are optimized if possible.
2025-07-25T10:44:03.365874+05:30 Ashutosh kernel: HugeTLB: registered 1.00 GiB page size, pre-allocated 0 pages
2025-07-25T10:44:03.365875+05:30 Ashutosh kernel: HugeTLB: 16380 KiB vmemmap can be freed for a 1.00 GiB page
2025-07-25T10:44:03.365875+05:30 Ashutosh kernel: HugeTLB: registered 2.00 MiB page size, pre-allocated 0 pages
2025-07-25T10:44:03.365880+05:30 Ashutosh kernel: HugeTLB: 28 KiB vmemmap can be freed for a 2.00 MiB page
2025-07-25T10:44:03.365882+05:30 Ashutosh kernel: cryptd: max_cpu_qlen set to 1000
2025-07-25T10:44:03.365883+05:30 Ashutosh kernel: ACPI: Added _OSI(Module Device)
2025-07-25T10:44:03.365883+05:30 Ashutosh kernel: ACPI: Added _OSI(Processor Device)
2025-07-25T10:44:03.365884+05:30 Ashutosh kernel: ACPI: Added _OSI(3.0 _SCP Extensions)
2025-07-25T10:44:03.365885+05:30 Ashutosh kernel: ACPI: Added _OSI(Processor Aggregator Device)
2025-07-25T10:44:03.365900+05:30 Ashutosh kernel: ACPI: 1 ACPI AML tables successfully acquired and loaded
2025-07-25T10:44:03.365903+05:30 Ashutosh kernel: ACPI: _OSC evaluation for CPUs failed, trying _PDC
2025-07-25T10:44:03.365903+05:30 Ashutosh kernel: ACPI: Interpreter enabled
2025-07-25T10:44:03.365904+05:30 Ashutosh kernel: ACPI: PM: (supports S0 S5)
2025-07-25T10:44:03.365905+05:30 Ashutosh kernel: ACPI: Using IOAPIC for interrupt routing
2025-07-25T10:44:03.365905+05:30 Ashutosh kernel: PCI: Using host bridge windows from ACPI; if necessary, use "pci=nocrs" and report a bug
2025-07-25T10:44:03.365913+05:30 Ashutosh kernel: PCI: Using E820 reservations for host bridge windows
2025-07-25T10:44:03.365915+05:30 Ashutosh kernel: ACPI: Enabled 2 GPEs in block 00 to 0F
2025-07-25T10:44:03.365916+05:30 Ashutosh kernel: iommu: Default domain type: Translated
2025-07-25T10:44:03.365917+05:30 Ashutosh kernel: iommu: DMA domain TLB invalidation policy: lazy mode
2025-07-25T10:44:03.365917+05:30 Ashutosh kernel: SCSI subsystem initialized
2025-07-25T10:44:03.365918+05:30 Ashutosh kernel: libata version 3.00 loaded.
2025-07-25T10:44:03.365918+05:30 Ashutosh kernel: pps_core: LinuxPPS API ver. 1 registered
2025-07-25T10:44:03.365926+05:30 Ashutosh kernel: pps_core: Software ver. 5.3.6 - Copyright 2005-2007 Rodolfo Giometti <giometti@linux.it>
2025-07-25T10:44:03.365928+05:30 Ashutosh kernel: PTP clock support registered
2025-07-25T10:44:03.366108+05:30 Ashutosh kernel: EDAC MC: Ver: 3.0.0
2025-07-25T10:44:03.366109+05:30 Ashutosh kernel: hv_vmbus: Vmbus version:5.2
2025-07-25T10:44:03.366152+05:30 Ashutosh kernel: hv_vmbus: Unknown GUID: 6e382d18-3336-4f4b-acc4-2b7703d4df4a
2025-07-25T10:44:03.366154+05:30 Ashutosh kernel: hv_vmbus: Unknown GUID: dde9cbc0-5060-4436-9448-ea1254a5d177
2025-07-25T10:44:03.366162+05:30 Ashutosh kernel: NetLabel: Initializing
2025-07-25T10:44:03.366165+05:30 Ashutosh kernel: NetLabel:  domain hash size = 128
2025-07-25T10:44:03.366165+05:30 Ashutosh kernel: NetLabel:  protocols = UNLABELED CIPSOv4 CALIPSO
2025-07-25T10:44:03.366166+05:30 Ashutosh kernel: NetLabel:  unlabeled traffic allowed by default
2025-07-25T10:44:03.366167+05:30 Ashutosh kernel: PCI: Using ACPI for IRQ routing
2025-07-25T10:44:03.366167+05:30 Ashutosh kernel: PCI: System does not support PCI
2025-07-25T10:44:03.366168+05:30 Ashutosh kernel: vgaarb: loaded
2025-07-25T10:44:03.366174+05:30 Ashutosh kernel: clocksource: Switched to clocksource hyperv_clocksource_tsc_page
2025-07-25T10:44:03.366177+05:30 Ashutosh kernel: VFS: Disk quotas dquot_6.6.0
2025-07-25T10:44:03.366178+05:30 Ashutosh kernel: VFS: Dquot-cache hash table entries: 512 (order 0, 4096 bytes)
2025-07-25T10:44:03.366179+05:30 Ashutosh kernel: FS-Cache: Loaded
2025-07-25T10:44:03.366181+05:30 Ashutosh kernel: pnp: PnP ACPI init
2025-07-25T10:44:03.366182+05:30 Ashutosh kernel: pnp: PnP ACPI: found 1 devices
2025-07-25T10:44:03.366187+05:30 Ashutosh kernel: clocksource: acpi_pm: mask: 0xffffff max_cycles: 0xffffff, max_idle_ns: 2085701024 ns
2025-07-25T10:44:03.366190+05:30 Ashutosh kernel: NET: Registered PF_INET protocol family
2025-07-25T10:44:03.366190+05:30 Ashutosh kernel: IP idents hash table entries: 65536 (order: 7, 524288 bytes, linear)
2025-07-25T10:44:03.366191+05:30 Ashutosh kernel: tcp_listen_portaddr_hash hash table entries: 2048 (order: 3, 32768 bytes, linear)
2025-07-25T10:44:03.366191+05:30 Ashutosh kernel: Table-perturb hash table entries: 65536 (order: 6, 262144 bytes, linear)
2025-07-25T10:44:03.366192+05:30 Ashutosh kernel: TCP established hash table entries: 32768 (order: 6, 262144 bytes, linear)
2025-07-25T10:44:03.366198+05:30 Ashutosh kernel: TCP bind hash table entries: 32768 (order: 8, 1048576 bytes, linear)
2025-07-25T10:44:03.366200+05:30 Ashutosh kernel: TCP: Hash tables configured (established 32768 bind 32768)
2025-07-25T10:44:03.366202+05:30 Ashutosh kernel: UDP hash table entries: 2048 (order: 4, 65536 bytes, linear)
2025-07-25T10:44:03.366203+05:30 Ashutosh kernel: UDP-Lite hash table entries: 2048 (order: 4, 65536 bytes, linear)
2025-07-25T10:44:03.366204+05:30 Ashutosh kernel: NET: Registered PF_UNIX/PF_LOCAL protocol family
2025-07-25T10:44:03.366204+05:30 Ashutosh kernel: NET: Registered PF_XDP protocol family
2025-07-25T10:44:03.366205+05:30 Ashutosh kernel: PCI: CLS 0 bytes, default 64
2025-07-25T10:44:03.366297+05:30 Ashutosh kernel: PCI-DMA: Using software bounce buffering for IO (SWIOTLB)
2025-07-25T10:44:03.366301+05:30 Ashutosh kernel: software IO TLB: mapped [mem 0x00000000ed800000-0x00000000f1800000] (64MB)
2025-07-25T10:44:03.366301+05:30 Ashutosh kernel: Trying to unpack rootfs image as initramfs...
2025-07-25T10:44:03.366302+05:30 Ashutosh kernel: RAPL PMU: API unit is 2^-32 Joules, 0 fixed counters, 10737418240 ms ovfl timer
2025-07-25T10:44:03.366303+05:30 Ashutosh kernel: Initialise system trusted keyrings
2025-07-25T10:44:03.366303+05:30 Ashutosh kernel: Key type blacklist registered
2025-07-25T10:44:03.366362+05:30 Ashutosh kernel: workingset: timestamp_bits=36 max_order=20 bucket_order=0
2025-07-25T10:44:03.366368+05:30 Ashutosh kernel: squashfs: version 4.0 (2009/01/31) Phillip Lougher
2025-07-25T10:44:03.366369+05:30 Ashutosh kernel: fuse: init (API version 7.39)
2025-07-25T10:44:03.366370+05:30 Ashutosh kernel: SGI XFS with ACLs, security attributes, realtime, verbose warnings, quota, no debug enabled
2025-07-25T10:44:03.366371+05:30 Ashutosh kernel: Freeing initrd memory: 2664K
2025-07-25T10:44:03.366372+05:30 Ashutosh kernel: 9p: Installing v9fs 9p2000 file system support
2025-07-25T10:44:03.366373+05:30 Ashutosh kernel: Key type asymmetric registered
2025-07-25T10:44:03.366383+05:30 Ashutosh kernel: Asymmetric key parser 'x509' registered
2025-07-25T10:44:03.366385+05:30 Ashutosh kernel: Block layer SCSI generic (bsg) driver version 0.4 loaded (major 245)
2025-07-25T10:44:03.366386+05:30 Ashutosh kernel: io scheduler mq-deadline registered
2025-07-25T10:44:03.366386+05:30 Ashutosh kernel: io scheduler kyber registered
2025-07-25T10:44:03.366387+05:30 Ashutosh kernel: hv_vmbus: registering driver hv_pci
2025-07-25T10:44:03.366388+05:30 Ashutosh kernel: hv_pci 8ad1fa38-45e4-4602-9213-f4b1c719702a: PCI VMBus probing: Using version 0x10003
2025-07-25T10:44:03.366395+05:30 Ashutosh kernel: hv_pci 8ad1fa38-45e4-4602-9213-f4b1c719702a: PCI host bridge to bus 45e4:00
2025-07-25T10:44:03.366765+05:30 Ashutosh kernel: pci_bus 45e4:00: root bus resource [mem 0x9ffe00000-0x9ffe02fff window]
2025-07-25T10:44:03.366775+05:30 Ashutosh kernel: pci_bus 45e4:00: No busn resource found for root bus, will use [bus 00-ff]
2025-07-25T10:44:03.366776+05:30 Ashutosh kernel: pci 45e4:00:00.0: [1af4:1043] type 00 class 0x010000
2025-07-25T10:44:03.366777+05:30 Ashutosh kernel: pci 45e4:00:00.0: reg 0x10: [mem 0x9ffe00000-0x9ffe00fff 64bit]
2025-07-25T10:44:03.366778+05:30 Ashutosh kernel: pci 45e4:00:00.0: reg 0x18: [mem 0x9ffe01000-0x9ffe01fff 64bit]
2025-07-25T10:44:03.366778+05:30 Ashutosh kernel: pci 45e4:00:00.0: reg 0x20: [mem 0x9ffe02000-0x9ffe02fff 64bit]
2025-07-25T10:44:03.366779+05:30 Ashutosh kernel: pci_bus 45e4:00: busn_res: [bus 00-ff] end is updated to 00
2025-07-25T10:44:03.366780+05:30 Ashutosh kernel: pci 45e4:00:00.0: BAR 0: assigned [mem 0x9ffe00000-0x9ffe00fff 64bit]
2025-07-25T10:44:03.366780+05:30 Ashutosh kernel: pci 45e4:00:00.0: BAR 2: assigned [mem 0x9ffe01000-0x9ffe01fff 64bit]
2025-07-25T10:44:03.366781+05:30 Ashutosh kernel: pci 45e4:00:00.0: BAR 4: assigned [mem 0x9ffe02000-0x9ffe02fff 64bit]
2025-07-25T10:44:03.366781+05:30 Ashutosh kernel: hv_pci 5e808996-db17-42da-a494-88cf035274a7: PCI VMBus probing: Using version 0x10003
2025-07-25T10:44:03.366782+05:30 Ashutosh kernel: hv_pci 5e808996-db17-42da-a494-88cf035274a7: PCI host bridge to bus db17:00
2025-07-25T10:44:03.366783+05:30 Ashutosh kernel: pci_bus db17:00: No busn resource found for root bus, will use [bus 00-ff]
2025-07-25T10:44:03.366783+05:30 Ashutosh kernel: pci db17:00:00.0: [1414:008e] type 00 class 0x030200
2025-07-25T10:44:03.366784+05:30 Ashutosh kernel: pci_bus db17:00: busn_res: [bus 00-ff] end is updated to 00
2025-07-25T10:44:03.366785+05:30 Ashutosh kernel: ioatdma: Intel(R) QuickData Technology Driver 5.00
2025-07-25T10:44:03.366785+05:30 Ashutosh kernel: virtio-pci 45e4:00:00.0: enabling device (0000 -> 0002)
2025-07-25T10:44:03.366786+05:30 Ashutosh kernel: Serial: 8250/16550 driver, 8 ports, IRQ sharing enabled
2025-07-25T10:44:03.366787+05:30 Ashutosh kernel: Linux agpgart interface v0.103
2025-07-25T10:44:03.366787+05:30 Ashutosh kernel: AMD-Vi: AMD IOMMUv2 functionality not available on this system - This is not a bug.
2025-07-25T10:44:03.366788+05:30 Ashutosh kernel: ACPI: bus type drm_connector registered
2025-07-25T10:44:03.366789+05:30 Ashutosh kernel: printk: console [hvc0] enabled
2025-07-25T10:44:03.366789+05:30 Ashutosh kernel: brd: module loaded
2025-07-25T10:44:03.366790+05:30 Ashutosh kernel: loop: module loaded
2025-07-25T10:44:03.366790+05:30 Ashutosh kernel: Loading iSCSI transport class v2.0-870.
2025-07-25T10:44:03.366791+05:30 Ashutosh kernel: rdac: device handler registered
2025-07-25T10:44:03.366792+05:30 Ashutosh kernel: Microchip SmartPQI Driver (v2.1.24-046)
2025-07-25T10:44:03.366792+05:30 Ashutosh kernel: VMware PVSCSI driver - version 1.0.7.0-k
2025-07-25T10:44:03.366793+05:30 Ashutosh kernel: hv_vmbus: registering driver hv_storvsc
2025-07-25T10:44:03.366793+05:30 Ashutosh kernel: PPP generic driver version 2.4.2
2025-07-25T10:44:03.366794+05:30 Ashutosh kernel: scsi host0: storvsc_host_t
2025-07-25T10:44:03.366794+05:30 Ashutosh kernel: VMware vmxnet3 virtual NIC driver - version 1.7.0.0-k-NAPI
2025-07-25T10:44:03.366795+05:30 Ashutosh kernel: hv_vmbus: registering driver hv_netvsc
2025-07-25T10:44:03.366796+05:30 Ashutosh kernel: Fusion MPT base driver 3.04.20
2025-07-25T10:44:03.366796+05:30 Ashutosh kernel: Copyright (c) 1999-2008 LSI Corporation
2025-07-25T10:44:03.366797+05:30 Ashutosh kernel: Fusion MPT SPI Host driver 3.04.20
